#! /usr/local/bin/vvp
:ivl_version "12.0 (stable)";
:ivl_delay_selection "TYPICAL";
:vpi_time_precision + 0;
:vpi_module "/usr/local/lib/ivl/system.vpi";
:vpi_module "/usr/local/lib/ivl/vhdl_sys.vpi";
:vpi_module "/usr/local/lib/ivl/vhdl_textio.vpi";
:vpi_module "/usr/local/lib/ivl/v2005_math.vpi";
:vpi_module "/usr/local/lib/ivl/va_math.vpi";
:vpi_module "/usr/local/lib/ivl/v2009.vpi";
S_0x73fc6d0 .scope package, "$unit" "$unit" 2 1;
 .timescale 0 0;
S_0x73fc860 .scope module, "tb" "tb" 3 1;
 .timescale 0 0;
v0x74502b0_0 .var "clk", 0 0;
v0x74503e0_0 .var "ext_data", 7 0;
v0x74504a0_0 .var "rst", 0 0;
S_0x740ca10 .scope module, "dut" "cpu" 3 8, 4 9 0, S_0x73fc860;
 .timescale 0 0;
    .port_info 0 /INPUT 1 "clk";
    .port_info 1 /INPUT 1 "rst";
    .port_info 2 /INPUT 8 "ext_data";
v0x744ee90_0 .net "A", 7 0, v0x7446660_0;  1 drivers
v0x744efc0_0 .net "B", 7 0, v0x7446930_0;  1 drivers
v0x744f0d0_0 .net "RES", 7 0, v0x7447300_0;  1 drivers
v0x744f170_0 .net "addr", 7 0, v0x7446770_0;  1 drivers
v0x744f260_0 .net "alu_out", 7 0, v0x7445b70_0;  1 drivers
v0x744f3c0_0 .net "carry", 0 0, v0x7445d40_0;  1 drivers
v0x744f460_0 .net "clk", 0 0, v0x74502b0_0;  1 drivers
v0x744f500_0 .net "data_in", 7 0, v0x7446af0_0;  1 drivers
v0x744f5f0_0 .net "ext_data", 7 0, v0x74503e0_0;  1 drivers
v0x744f740_0 .net "halt", 0 0, v0x7446cb0_0;  1 drivers
v0x744f7e0_0 .net "instruction", 7 0, v0x744bbf0_0;  1 drivers
v0x744f880_0 .net "jmp_e", 0 0, v0x7446d70_0;  1 drivers
v0x744f970_0 .net "load_add", 7 0, v0x7446ec0_0;  1 drivers
v0x744fa60_0 .net "opcode", 3 0, L_0x7450590;  1 drivers
v0x744fb20_0 .net "operand", 3 0, L_0x74506d0;  1 drivers
v0x744fbc0_0 .net "overflow", 0 0, v0x7445e00_0;  1 drivers
v0x744fc60_0 .net "pc", 7 0, v0x744ec60_0;  1 drivers
v0x744fe10_0 .net "ram_data", 7 0, v0x7448550_0;  1 drivers
v0x744ff00_0 .net "ram_we", 0 0, v0x7447240_0;  1 drivers
v0x744fff0_0 .net "rst", 0 0, v0x74504a0_0;  1 drivers
v0x7450090_0 .net "sel", 2 0, v0x74473e0_0;  1 drivers
v0x7450180_0 .net "zero", 0 0, v0x7445ff0_0;  1 drivers
L_0x7450590 .part v0x744bbf0_0, 4, 4;
L_0x74506d0 .part v0x744bbf0_0, 0, 4;
S_0x740cc40 .scope module, "ALU" "alu" 4 101, 5 1 0, S_0x740ca10;
 .timescale 0 0;
    .port_info 0 /INPUT 8 "a";
    .port_info 1 /INPUT 8 "b";
    .port_info 2 /INPUT 3 "sel";
    .port_info 3 /OUTPUT 8 "alu_out";
    .port_info 4 /OUTPUT 1 "carry";
    .port_info 5 /OUTPUT 1 "overflow";
    .port_info 6 /OUTPUT 1 "zero";
v0x7419c50_0 .net "a", 7 0, v0x7446660_0;  alias, 1 drivers
v0x7445b70_0 .var "alu_out", 7 0;
v0x7445c50_0 .net "b", 7 0, v0x7446930_0;  alias, 1 drivers
v0x7445d40_0 .var "carry", 0 0;
v0x7445e00_0 .var "overflow", 0 0;
v0x7445f10_0 .net "sel", 2 0, v0x74473e0_0;  alias, 1 drivers
v0x7445ff0_0 .var "zero", 0 0;
E_0x73ec050 .event anyedge, v0x7445f10_0, v0x7419c50_0, v0x7445c50_0, v0x7445b70_0;
S_0x74461d0 .scope module, "CU" "control_unit" 4 119, 6 1 0, S_0x740ca10;
 .timescale 0 0;
    .port_info 0 /INPUT 1 "clk";
    .port_info 1 /INPUT 1 "zero";
    .port_info 2 /INPUT 4 "opcode";
    .port_info 3 /INPUT 4 "operand";
    .port_info 4 /INPUT 8 "ram_data";
    .port_info 5 /INPUT 8 "ext_data";
    .port_info 6 /INPUT 8 "alu_out";
    .port_info 7 /OUTPUT 8 "a";
    .port_info 8 /OUTPUT 8 "b";
    .port_info 9 /OUTPUT 8 "res";
    .port_info 10 /OUTPUT 8 "data_in";
    .port_info 11 /OUTPUT 3 "sel";
    .port_info 12 /OUTPUT 1 "halt";
    .port_info 13 /OUTPUT 1 "jmp_e";
    .port_info 14 /OUTPUT 1 "ram_we";
    .port_info 15 /OUTPUT 8 "addr";
    .port_info 16 /OUTPUT 8 "load_add";
v0x7446660_0 .var "a", 7 0;
v0x7446770_0 .var "addr", 7 0;
v0x7446830_0 .net "alu_out", 7 0, v0x7445b70_0;  alias, 1 drivers
v0x7446930_0 .var "b", 7 0;
v0x7446a00_0 .net "clk", 0 0, v0x74502b0_0;  alias, 1 drivers
v0x7446af0_0 .var "data_in", 7 0;
v0x7446bd0_0 .net "ext_data", 7 0, v0x74503e0_0;  alias, 1 drivers
v0x7446cb0_0 .var "halt", 0 0;
v0x7446d70_0 .var "jmp_e", 0 0;
v0x7446ec0_0 .var "load_add", 7 0;
v0x7446fa0_0 .net "opcode", 3 0, L_0x7450590;  alias, 1 drivers
v0x7447080_0 .net "operand", 3 0, L_0x74506d0;  alias, 1 drivers
v0x7447160_0 .net "ram_data", 7 0, v0x7448550_0;  alias, 1 drivers
v0x7447240_0 .var "ram_we", 0 0;
v0x7447300_0 .var "res", 7 0;
v0x74473e0_0 .var "sel", 2 0;
v0x74474a0_0 .net "zero", 0 0, v0x7445ff0_0;  alias, 1 drivers
E_0x73ec420 .event posedge, v0x7446a00_0;
E_0x7446620 .event anyedge, v0x7419c50_0, v0x7446fa0_0, v0x7447080_0, v0x7445ff0_0;
S_0x7447860 .scope module, "DR" "data_ram" 4 87, 7 1 0, S_0x740ca10;
 .timescale 0 0;
    .port_info 0 /INPUT 1 "clk";
    .port_info 1 /INPUT 1 "we";
    .port_info 2 /INPUT 8 "addr";
    .port_info 3 /INPUT 8 "data_in";
    .port_info 4 /OUTPUT 8 "data_out";
v0x74482c0_0 .net "addr", 7 0, v0x7446770_0;  alias, 1 drivers
v0x74483b0_0 .net "clk", 0 0, v0x74502b0_0;  alias, 1 drivers
v0x7448450_0 .net "data_in", 7 0, v0x7446af0_0;  alias, 1 drivers
v0x7448550_0 .var "data_out", 7 0;
v0x7448620 .array "memory", 255 0, 7 0;
v0x744aee0_0 .net "we", 0 0, v0x7447240_0;  alias, 1 drivers
v0x7448620_0 .array/port v0x7448620, 0;
v0x7448620_1 .array/port v0x7448620, 1;
v0x7448620_2 .array/port v0x7448620, 2;
E_0x7447a70/0 .event anyedge, v0x7446770_0, v0x7448620_0, v0x7448620_1, v0x7448620_2;
v0x7448620_3 .array/port v0x7448620, 3;
v0x7448620_4 .array/port v0x7448620, 4;
v0x7448620_5 .array/port v0x7448620, 5;
v0x7448620_6 .array/port v0x7448620, 6;
E_0x7447a70/1 .event anyedge, v0x7448620_3, v0x7448620_4, v0x7448620_5, v0x7448620_6;
v0x7448620_7 .array/port v0x7448620, 7;
v0x7448620_8 .array/port v0x7448620, 8;
v0x7448620_9 .array/port v0x7448620, 9;
v0x7448620_10 .array/port v0x7448620, 10;
E_0x7447a70/2 .event anyedge, v0x7448620_7, v0x7448620_8, v0x7448620_9, v0x7448620_10;
v0x7448620_11 .array/port v0x7448620, 11;
v0x7448620_12 .array/port v0x7448620, 12;
v0x7448620_13 .array/port v0x7448620, 13;
v0x7448620_14 .array/port v0x7448620, 14;
E_0x7447a70/3 .event anyedge, v0x7448620_11, v0x7448620_12, v0x7448620_13, v0x7448620_14;
v0x7448620_15 .array/port v0x7448620, 15;
v0x7448620_16 .array/port v0x7448620, 16;
v0x7448620_17 .array/port v0x7448620, 17;
v0x7448620_18 .array/port v0x7448620, 18;
E_0x7447a70/4 .event anyedge, v0x7448620_15, v0x7448620_16, v0x7448620_17, v0x7448620_18;
v0x7448620_19 .array/port v0x7448620, 19;
v0x7448620_20 .array/port v0x7448620, 20;
v0x7448620_21 .array/port v0x7448620, 21;
v0x7448620_22 .array/port v0x7448620, 22;
E_0x7447a70/5 .event anyedge, v0x7448620_19, v0x7448620_20, v0x7448620_21, v0x7448620_22;
v0x7448620_23 .array/port v0x7448620, 23;
v0x7448620_24 .array/port v0x7448620, 24;
v0x7448620_25 .array/port v0x7448620, 25;
v0x7448620_26 .array/port v0x7448620, 26;
E_0x7447a70/6 .event anyedge, v0x7448620_23, v0x7448620_24, v0x7448620_25, v0x7448620_26;
v0x7448620_27 .array/port v0x7448620, 27;
v0x7448620_28 .array/port v0x7448620, 28;
v0x7448620_29 .array/port v0x7448620, 29;
v0x7448620_30 .array/port v0x7448620, 30;
E_0x7447a70/7 .event anyedge, v0x7448620_27, v0x7448620_28, v0x7448620_29, v0x7448620_30;
v0x7448620_31 .array/port v0x7448620, 31;
v0x7448620_32 .array/port v0x7448620, 32;
v0x7448620_33 .array/port v0x7448620, 33;
v0x7448620_34 .array/port v0x7448620, 34;
E_0x7447a70/8 .event anyedge, v0x7448620_31, v0x7448620_32, v0x7448620_33, v0x7448620_34;
v0x7448620_35 .array/port v0x7448620, 35;
v0x7448620_36 .array/port v0x7448620, 36;
v0x7448620_37 .array/port v0x7448620, 37;
v0x7448620_38 .array/port v0x7448620, 38;
E_0x7447a70/9 .event anyedge, v0x7448620_35, v0x7448620_36, v0x7448620_37, v0x7448620_38;
v0x7448620_39 .array/port v0x7448620, 39;
v0x7448620_40 .array/port v0x7448620, 40;
v0x7448620_41 .array/port v0x7448620, 41;
v0x7448620_42 .array/port v0x7448620, 42;
E_0x7447a70/10 .event anyedge, v0x7448620_39, v0x7448620_40, v0x7448620_41, v0x7448620_42;
v0x7448620_43 .array/port v0x7448620, 43;
v0x7448620_44 .array/port v0x7448620, 44;
v0x7448620_45 .array/port v0x7448620, 45;
v0x7448620_46 .array/port v0x7448620, 46;
E_0x7447a70/11 .event anyedge, v0x7448620_43, v0x7448620_44, v0x7448620_45, v0x7448620_46;
v0x7448620_47 .array/port v0x7448620, 47;
v0x7448620_48 .array/port v0x7448620, 48;
v0x7448620_49 .array/port v0x7448620, 49;
v0x7448620_50 .array/port v0x7448620, 50;
E_0x7447a70/12 .event anyedge, v0x7448620_47, v0x7448620_48, v0x7448620_49, v0x7448620_50;
v0x7448620_51 .array/port v0x7448620, 51;
v0x7448620_52 .array/port v0x7448620, 52;
v0x7448620_53 .array/port v0x7448620, 53;
v0x7448620_54 .array/port v0x7448620, 54;
E_0x7447a70/13 .event anyedge, v0x7448620_51, v0x7448620_52, v0x7448620_53, v0x7448620_54;
v0x7448620_55 .array/port v0x7448620, 55;
v0x7448620_56 .array/port v0x7448620, 56;
v0x7448620_57 .array/port v0x7448620, 57;
v0x7448620_58 .array/port v0x7448620, 58;
E_0x7447a70/14 .event anyedge, v0x7448620_55, v0x7448620_56, v0x7448620_57, v0x7448620_58;
v0x7448620_59 .array/port v0x7448620, 59;
v0x7448620_60 .array/port v0x7448620, 60;
v0x7448620_61 .array/port v0x7448620, 61;
v0x7448620_62 .array/port v0x7448620, 62;
E_0x7447a70/15 .event anyedge, v0x7448620_59, v0x7448620_60, v0x7448620_61, v0x7448620_62;
v0x7448620_63 .array/port v0x7448620, 63;
v0x7448620_64 .array/port v0x7448620, 64;
v0x7448620_65 .array/port v0x7448620, 65;
v0x7448620_66 .array/port v0x7448620, 66;
E_0x7447a70/16 .event anyedge, v0x7448620_63, v0x7448620_64, v0x7448620_65, v0x7448620_66;
v0x7448620_67 .array/port v0x7448620, 67;
v0x7448620_68 .array/port v0x7448620, 68;
v0x7448620_69 .array/port v0x7448620, 69;
v0x7448620_70 .array/port v0x7448620, 70;
E_0x7447a70/17 .event anyedge, v0x7448620_67, v0x7448620_68, v0x7448620_69, v0x7448620_70;
v0x7448620_71 .array/port v0x7448620, 71;
v0x7448620_72 .array/port v0x7448620, 72;
v0x7448620_73 .array/port v0x7448620, 73;
v0x7448620_74 .array/port v0x7448620, 74;
E_0x7447a70/18 .event anyedge, v0x7448620_71, v0x7448620_72, v0x7448620_73, v0x7448620_74;
v0x7448620_75 .array/port v0x7448620, 75;
v0x7448620_76 .array/port v0x7448620, 76;
v0x7448620_77 .array/port v0x7448620, 77;
v0x7448620_78 .array/port v0x7448620, 78;
E_0x7447a70/19 .event anyedge, v0x7448620_75, v0x7448620_76, v0x7448620_77, v0x7448620_78;
v0x7448620_79 .array/port v0x7448620, 79;
v0x7448620_80 .array/port v0x7448620, 80;
v0x7448620_81 .array/port v0x7448620, 81;
v0x7448620_82 .array/port v0x7448620, 82;
E_0x7447a70/20 .event anyedge, v0x7448620_79, v0x7448620_80, v0x7448620_81, v0x7448620_82;
v0x7448620_83 .array/port v0x7448620, 83;
v0x7448620_84 .array/port v0x7448620, 84;
v0x7448620_85 .array/port v0x7448620, 85;
v0x7448620_86 .array/port v0x7448620, 86;
E_0x7447a70/21 .event anyedge, v0x7448620_83, v0x7448620_84, v0x7448620_85, v0x7448620_86;
v0x7448620_87 .array/port v0x7448620, 87;
v0x7448620_88 .array/port v0x7448620, 88;
v0x7448620_89 .array/port v0x7448620, 89;
v0x7448620_90 .array/port v0x7448620, 90;
E_0x7447a70/22 .event anyedge, v0x7448620_87, v0x7448620_88, v0x7448620_89, v0x7448620_90;
v0x7448620_91 .array/port v0x7448620, 91;
v0x7448620_92 .array/port v0x7448620, 92;
v0x7448620_93 .array/port v0x7448620, 93;
v0x7448620_94 .array/port v0x7448620, 94;
E_0x7447a70/23 .event anyedge, v0x7448620_91, v0x7448620_92, v0x7448620_93, v0x7448620_94;
v0x7448620_95 .array/port v0x7448620, 95;
v0x7448620_96 .array/port v0x7448620, 96;
v0x7448620_97 .array/port v0x7448620, 97;
v0x7448620_98 .array/port v0x7448620, 98;
E_0x7447a70/24 .event anyedge, v0x7448620_95, v0x7448620_96, v0x7448620_97, v0x7448620_98;
v0x7448620_99 .array/port v0x7448620, 99;
v0x7448620_100 .array/port v0x7448620, 100;
v0x7448620_101 .array/port v0x7448620, 101;
v0x7448620_102 .array/port v0x7448620, 102;
E_0x7447a70/25 .event anyedge, v0x7448620_99, v0x7448620_100, v0x7448620_101, v0x7448620_102;
v0x7448620_103 .array/port v0x7448620, 103;
v0x7448620_104 .array/port v0x7448620, 104;
v0x7448620_105 .array/port v0x7448620, 105;
v0x7448620_106 .array/port v0x7448620, 106;
E_0x7447a70/26 .event anyedge, v0x7448620_103, v0x7448620_104, v0x7448620_105, v0x7448620_106;
v0x7448620_107 .array/port v0x7448620, 107;
v0x7448620_108 .array/port v0x7448620, 108;
v0x7448620_109 .array/port v0x7448620, 109;
v0x7448620_110 .array/port v0x7448620, 110;
E_0x7447a70/27 .event anyedge, v0x7448620_107, v0x7448620_108, v0x7448620_109, v0x7448620_110;
v0x7448620_111 .array/port v0x7448620, 111;
v0x7448620_112 .array/port v0x7448620, 112;
v0x7448620_113 .array/port v0x7448620, 113;
v0x7448620_114 .array/port v0x7448620, 114;
E_0x7447a70/28 .event anyedge, v0x7448620_111, v0x7448620_112, v0x7448620_113, v0x7448620_114;
v0x7448620_115 .array/port v0x7448620, 115;
v0x7448620_116 .array/port v0x7448620, 116;
v0x7448620_117 .array/port v0x7448620, 117;
v0x7448620_118 .array/port v0x7448620, 118;
E_0x7447a70/29 .event anyedge, v0x7448620_115, v0x7448620_116, v0x7448620_117, v0x7448620_118;
v0x7448620_119 .array/port v0x7448620, 119;
v0x7448620_120 .array/port v0x7448620, 120;
v0x7448620_121 .array/port v0x7448620, 121;
v0x7448620_122 .array/port v0x7448620, 122;
E_0x7447a70/30 .event anyedge, v0x7448620_119, v0x7448620_120, v0x7448620_121, v0x7448620_122;
v0x7448620_123 .array/port v0x7448620, 123;
v0x7448620_124 .array/port v0x7448620, 124;
v0x7448620_125 .array/port v0x7448620, 125;
v0x7448620_126 .array/port v0x7448620, 126;
E_0x7447a70/31 .event anyedge, v0x7448620_123, v0x7448620_124, v0x7448620_125, v0x7448620_126;
v0x7448620_127 .array/port v0x7448620, 127;
v0x7448620_128 .array/port v0x7448620, 128;
v0x7448620_129 .array/port v0x7448620, 129;
v0x7448620_130 .array/port v0x7448620, 130;
E_0x7447a70/32 .event anyedge, v0x7448620_127, v0x7448620_128, v0x7448620_129, v0x7448620_130;
v0x7448620_131 .array/port v0x7448620, 131;
v0x7448620_132 .array/port v0x7448620, 132;
v0x7448620_133 .array/port v0x7448620, 133;
v0x7448620_134 .array/port v0x7448620, 134;
E_0x7447a70/33 .event anyedge, v0x7448620_131, v0x7448620_132, v0x7448620_133, v0x7448620_134;
v0x7448620_135 .array/port v0x7448620, 135;
v0x7448620_136 .array/port v0x7448620, 136;
v0x7448620_137 .array/port v0x7448620, 137;
v0x7448620_138 .array/port v0x7448620, 138;
E_0x7447a70/34 .event anyedge, v0x7448620_135, v0x7448620_136, v0x7448620_137, v0x7448620_138;
v0x7448620_139 .array/port v0x7448620, 139;
v0x7448620_140 .array/port v0x7448620, 140;
v0x7448620_141 .array/port v0x7448620, 141;
v0x7448620_142 .array/port v0x7448620, 142;
E_0x7447a70/35 .event anyedge, v0x7448620_139, v0x7448620_140, v0x7448620_141, v0x7448620_142;
v0x7448620_143 .array/port v0x7448620, 143;
v0x7448620_144 .array/port v0x7448620, 144;
v0x7448620_145 .array/port v0x7448620, 145;
v0x7448620_146 .array/port v0x7448620, 146;
E_0x7447a70/36 .event anyedge, v0x7448620_143, v0x7448620_144, v0x7448620_145, v0x7448620_146;
v0x7448620_147 .array/port v0x7448620, 147;
v0x7448620_148 .array/port v0x7448620, 148;
v0x7448620_149 .array/port v0x7448620, 149;
v0x7448620_150 .array/port v0x7448620, 150;
E_0x7447a70/37 .event anyedge, v0x7448620_147, v0x7448620_148, v0x7448620_149, v0x7448620_150;
v0x7448620_151 .array/port v0x7448620, 151;
v0x7448620_152 .array/port v0x7448620, 152;
v0x7448620_153 .array/port v0x7448620, 153;
v0x7448620_154 .array/port v0x7448620, 154;
E_0x7447a70/38 .event anyedge, v0x7448620_151, v0x7448620_152, v0x7448620_153, v0x7448620_154;
v0x7448620_155 .array/port v0x7448620, 155;
v0x7448620_156 .array/port v0x7448620, 156;
v0x7448620_157 .array/port v0x7448620, 157;
v0x7448620_158 .array/port v0x7448620, 158;
E_0x7447a70/39 .event anyedge, v0x7448620_155, v0x7448620_156, v0x7448620_157, v0x7448620_158;
v0x7448620_159 .array/port v0x7448620, 159;
v0x7448620_160 .array/port v0x7448620, 160;
v0x7448620_161 .array/port v0x7448620, 161;
v0x7448620_162 .array/port v0x7448620, 162;
E_0x7447a70/40 .event anyedge, v0x7448620_159, v0x7448620_160, v0x7448620_161, v0x7448620_162;
v0x7448620_163 .array/port v0x7448620, 163;
v0x7448620_164 .array/port v0x7448620, 164;
v0x7448620_165 .array/port v0x7448620, 165;
v0x7448620_166 .array/port v0x7448620, 166;
E_0x7447a70/41 .event anyedge, v0x7448620_163, v0x7448620_164, v0x7448620_165, v0x7448620_166;
v0x7448620_167 .array/port v0x7448620, 167;
v0x7448620_168 .array/port v0x7448620, 168;
v0x7448620_169 .array/port v0x7448620, 169;
v0x7448620_170 .array/port v0x7448620, 170;
E_0x7447a70/42 .event anyedge, v0x7448620_167, v0x7448620_168, v0x7448620_169, v0x7448620_170;
v0x7448620_171 .array/port v0x7448620, 171;
v0x7448620_172 .array/port v0x7448620, 172;
v0x7448620_173 .array/port v0x7448620, 173;
v0x7448620_174 .array/port v0x7448620, 174;
E_0x7447a70/43 .event anyedge, v0x7448620_171, v0x7448620_172, v0x7448620_173, v0x7448620_174;
v0x7448620_175 .array/port v0x7448620, 175;
v0x7448620_176 .array/port v0x7448620, 176;
v0x7448620_177 .array/port v0x7448620, 177;
v0x7448620_178 .array/port v0x7448620, 178;
E_0x7447a70/44 .event anyedge, v0x7448620_175, v0x7448620_176, v0x7448620_177, v0x7448620_178;
v0x7448620_179 .array/port v0x7448620, 179;
v0x7448620_180 .array/port v0x7448620, 180;
v0x7448620_181 .array/port v0x7448620, 181;
v0x7448620_182 .array/port v0x7448620, 182;
E_0x7447a70/45 .event anyedge, v0x7448620_179, v0x7448620_180, v0x7448620_181, v0x7448620_182;
v0x7448620_183 .array/port v0x7448620, 183;
v0x7448620_184 .array/port v0x7448620, 184;
v0x7448620_185 .array/port v0x7448620, 185;
v0x7448620_186 .array/port v0x7448620, 186;
E_0x7447a70/46 .event anyedge, v0x7448620_183, v0x7448620_184, v0x7448620_185, v0x7448620_186;
v0x7448620_187 .array/port v0x7448620, 187;
v0x7448620_188 .array/port v0x7448620, 188;
v0x7448620_189 .array/port v0x7448620, 189;
v0x7448620_190 .array/port v0x7448620, 190;
E_0x7447a70/47 .event anyedge, v0x7448620_187, v0x7448620_188, v0x7448620_189, v0x7448620_190;
v0x7448620_191 .array/port v0x7448620, 191;
v0x7448620_192 .array/port v0x7448620, 192;
v0x7448620_193 .array/port v0x7448620, 193;
v0x7448620_194 .array/port v0x7448620, 194;
E_0x7447a70/48 .event anyedge, v0x7448620_191, v0x7448620_192, v0x7448620_193, v0x7448620_194;
v0x7448620_195 .array/port v0x7448620, 195;
v0x7448620_196 .array/port v0x7448620, 196;
v0x7448620_197 .array/port v0x7448620, 197;
v0x7448620_198 .array/port v0x7448620, 198;
E_0x7447a70/49 .event anyedge, v0x7448620_195, v0x7448620_196, v0x7448620_197, v0x7448620_198;
v0x7448620_199 .array/port v0x7448620, 199;
v0x7448620_200 .array/port v0x7448620, 200;
v0x7448620_201 .array/port v0x7448620, 201;
v0x7448620_202 .array/port v0x7448620, 202;
E_0x7447a70/50 .event anyedge, v0x7448620_199, v0x7448620_200, v0x7448620_201, v0x7448620_202;
v0x7448620_203 .array/port v0x7448620, 203;
v0x7448620_204 .array/port v0x7448620, 204;
v0x7448620_205 .array/port v0x7448620, 205;
v0x7448620_206 .array/port v0x7448620, 206;
E_0x7447a70/51 .event anyedge, v0x7448620_203, v0x7448620_204, v0x7448620_205, v0x7448620_206;
v0x7448620_207 .array/port v0x7448620, 207;
v0x7448620_208 .array/port v0x7448620, 208;
v0x7448620_209 .array/port v0x7448620, 209;
v0x7448620_210 .array/port v0x7448620, 210;
E_0x7447a70/52 .event anyedge, v0x7448620_207, v0x7448620_208, v0x7448620_209, v0x7448620_210;
v0x7448620_211 .array/port v0x7448620, 211;
v0x7448620_212 .array/port v0x7448620, 212;
v0x7448620_213 .array/port v0x7448620, 213;
v0x7448620_214 .array/port v0x7448620, 214;
E_0x7447a70/53 .event anyedge, v0x7448620_211, v0x7448620_212, v0x7448620_213, v0x7448620_214;
v0x7448620_215 .array/port v0x7448620, 215;
v0x7448620_216 .array/port v0x7448620, 216;
v0x7448620_217 .array/port v0x7448620, 217;
v0x7448620_218 .array/port v0x7448620, 218;
E_0x7447a70/54 .event anyedge, v0x7448620_215, v0x7448620_216, v0x7448620_217, v0x7448620_218;
v0x7448620_219 .array/port v0x7448620, 219;
v0x7448620_220 .array/port v0x7448620, 220;
v0x7448620_221 .array/port v0x7448620, 221;
v0x7448620_222 .array/port v0x7448620, 222;
E_0x7447a70/55 .event anyedge, v0x7448620_219, v0x7448620_220, v0x7448620_221, v0x7448620_222;
v0x7448620_223 .array/port v0x7448620, 223;
v0x7448620_224 .array/port v0x7448620, 224;
v0x7448620_225 .array/port v0x7448620, 225;
v0x7448620_226 .array/port v0x7448620, 226;
E_0x7447a70/56 .event anyedge, v0x7448620_223, v0x7448620_224, v0x7448620_225, v0x7448620_226;
v0x7448620_227 .array/port v0x7448620, 227;
v0x7448620_228 .array/port v0x7448620, 228;
v0x7448620_229 .array/port v0x7448620, 229;
v0x7448620_230 .array/port v0x7448620, 230;
E_0x7447a70/57 .event anyedge, v0x7448620_227, v0x7448620_228, v0x7448620_229, v0x7448620_230;
v0x7448620_231 .array/port v0x7448620, 231;
v0x7448620_232 .array/port v0x7448620, 232;
v0x7448620_233 .array/port v0x7448620, 233;
v0x7448620_234 .array/port v0x7448620, 234;
E_0x7447a70/58 .event anyedge, v0x7448620_231, v0x7448620_232, v0x7448620_233, v0x7448620_234;
v0x7448620_235 .array/port v0x7448620, 235;
v0x7448620_236 .array/port v0x7448620, 236;
v0x7448620_237 .array/port v0x7448620, 237;
v0x7448620_238 .array/port v0x7448620, 238;
E_0x7447a70/59 .event anyedge, v0x7448620_235, v0x7448620_236, v0x7448620_237, v0x7448620_238;
v0x7448620_239 .array/port v0x7448620, 239;
v0x7448620_240 .array/port v0x7448620, 240;
v0x7448620_241 .array/port v0x7448620, 241;
v0x7448620_242 .array/port v0x7448620, 242;
E_0x7447a70/60 .event anyedge, v0x7448620_239, v0x7448620_240, v0x7448620_241, v0x7448620_242;
v0x7448620_243 .array/port v0x7448620, 243;
v0x7448620_244 .array/port v0x7448620, 244;
v0x7448620_245 .array/port v0x7448620, 245;
v0x7448620_246 .array/port v0x7448620, 246;
E_0x7447a70/61 .event anyedge, v0x7448620_243, v0x7448620_244, v0x7448620_245, v0x7448620_246;
v0x7448620_247 .array/port v0x7448620, 247;
v0x7448620_248 .array/port v0x7448620, 248;
v0x7448620_249 .array/port v0x7448620, 249;
v0x7448620_250 .array/port v0x7448620, 250;
E_0x7447a70/62 .event anyedge, v0x7448620_247, v0x7448620_248, v0x7448620_249, v0x7448620_250;
v0x7448620_251 .array/port v0x7448620, 251;
v0x7448620_252 .array/port v0x7448620, 252;
v0x7448620_253 .array/port v0x7448620, 253;
v0x7448620_254 .array/port v0x7448620, 254;
E_0x7447a70/63 .event anyedge, v0x7448620_251, v0x7448620_252, v0x7448620_253, v0x7448620_254;
v0x7448620_255 .array/port v0x7448620, 255;
E_0x7447a70/64 .event anyedge, v0x7448620_255;
E_0x7447a70 .event/or E_0x7447a70/0, E_0x7447a70/1, E_0x7447a70/2, E_0x7447a70/3, E_0x7447a70/4, E_0x7447a70/5, E_0x7447a70/6, E_0x7447a70/7, E_0x7447a70/8, E_0x7447a70/9, E_0x7447a70/10, E_0x7447a70/11, E_0x7447a70/12, E_0x7447a70/13, E_0x7447a70/14, E_0x7447a70/15, E_0x7447a70/16, E_0x7447a70/17, E_0x7447a70/18, E_0x7447a70/19, E_0x7447a70/20, E_0x7447a70/21, E_0x7447a70/22, E_0x7447a70/23, E_0x7447a70/24, E_0x7447a70/25, E_0x7447a70/26, E_0x7447a70/27, E_0x7447a70/28, E_0x7447a70/29, E_0x7447a70/30, E_0x7447a70/31, E_0x7447a70/32, E_0x7447a70/33, E_0x7447a70/34, E_0x7447a70/35, E_0x7447a70/36, E_0x7447a70/37, E_0x7447a70/38, E_0x7447a70/39, E_0x7447a70/40, E_0x7447a70/41, E_0x7447a70/42, E_0x7447a70/43, E_0x7447a70/44, E_0x7447a70/45, E_0x7447a70/46, E_0x7447a70/47, E_0x7447a70/48, E_0x7447a70/49, E_0x7447a70/50, E_0x7447a70/51, E_0x7447a70/52, E_0x7447a70/53, E_0x7447a70/54, E_0x7447a70/55, E_0x7447a70/56, E_0x7447a70/57, E_0x7447a70/58, E_0x7447a70/59, E_0x7447a70/60, E_0x7447a70/61, E_0x7447a70/62, E_0x7447a70/63, E_0x7447a70/64;
S_0x744b060 .scope module, "IM" "instruction_mem" 4 76, 8 1 0, S_0x740ca10;
 .timescale 0 0;
    .port_info 0 /INPUT 8 "addr";
    .port_info 1 /OUTPUT 8 "instruction";
v0x744bb10_0 .net "addr", 7 0, v0x744ec60_0;  alias, 1 drivers
v0x744bbf0_0 .var "instruction", 7 0;
v0x744bcf0 .array "rom", 255 0, 7 0;
v0x744bcf0_0 .array/port v0x744bcf0, 0;
v0x744bcf0_1 .array/port v0x744bcf0, 1;
v0x744bcf0_2 .array/port v0x744bcf0, 2;
E_0x744b2a0/0 .event anyedge, v0x744bb10_0, v0x744bcf0_0, v0x744bcf0_1, v0x744bcf0_2;
v0x744bcf0_3 .array/port v0x744bcf0, 3;
v0x744bcf0_4 .array/port v0x744bcf0, 4;
v0x744bcf0_5 .array/port v0x744bcf0, 5;
v0x744bcf0_6 .array/port v0x744bcf0, 6;
E_0x744b2a0/1 .event anyedge, v0x744bcf0_3, v0x744bcf0_4, v0x744bcf0_5, v0x744bcf0_6;
v0x744bcf0_7 .array/port v0x744bcf0, 7;
v0x744bcf0_8 .array/port v0x744bcf0, 8;
v0x744bcf0_9 .array/port v0x744bcf0, 9;
v0x744bcf0_10 .array/port v0x744bcf0, 10;
E_0x744b2a0/2 .event anyedge, v0x744bcf0_7, v0x744bcf0_8, v0x744bcf0_9, v0x744bcf0_10;
v0x744bcf0_11 .array/port v0x744bcf0, 11;
v0x744bcf0_12 .array/port v0x744bcf0, 12;
v0x744bcf0_13 .array/port v0x744bcf0, 13;
v0x744bcf0_14 .array/port v0x744bcf0, 14;
E_0x744b2a0/3 .event anyedge, v0x744bcf0_11, v0x744bcf0_12, v0x744bcf0_13, v0x744bcf0_14;
v0x744bcf0_15 .array/port v0x744bcf0, 15;
v0x744bcf0_16 .array/port v0x744bcf0, 16;
v0x744bcf0_17 .array/port v0x744bcf0, 17;
v0x744bcf0_18 .array/port v0x744bcf0, 18;
E_0x744b2a0/4 .event anyedge, v0x744bcf0_15, v0x744bcf0_16, v0x744bcf0_17, v0x744bcf0_18;
v0x744bcf0_19 .array/port v0x744bcf0, 19;
v0x744bcf0_20 .array/port v0x744bcf0, 20;
v0x744bcf0_21 .array/port v0x744bcf0, 21;
v0x744bcf0_22 .array/port v0x744bcf0, 22;
E_0x744b2a0/5 .event anyedge, v0x744bcf0_19, v0x744bcf0_20, v0x744bcf0_21, v0x744bcf0_22;
v0x744bcf0_23 .array/port v0x744bcf0, 23;
v0x744bcf0_24 .array/port v0x744bcf0, 24;
v0x744bcf0_25 .array/port v0x744bcf0, 25;
v0x744bcf0_26 .array/port v0x744bcf0, 26;
E_0x744b2a0/6 .event anyedge, v0x744bcf0_23, v0x744bcf0_24, v0x744bcf0_25, v0x744bcf0_26;
v0x744bcf0_27 .array/port v0x744bcf0, 27;
v0x744bcf0_28 .array/port v0x744bcf0, 28;
v0x744bcf0_29 .array/port v0x744bcf0, 29;
v0x744bcf0_30 .array/port v0x744bcf0, 30;
E_0x744b2a0/7 .event anyedge, v0x744bcf0_27, v0x744bcf0_28, v0x744bcf0_29, v0x744bcf0_30;
v0x744bcf0_31 .array/port v0x744bcf0, 31;
v0x744bcf0_32 .array/port v0x744bcf0, 32;
v0x744bcf0_33 .array/port v0x744bcf0, 33;
v0x744bcf0_34 .array/port v0x744bcf0, 34;
E_0x744b2a0/8 .event anyedge, v0x744bcf0_31, v0x744bcf0_32, v0x744bcf0_33, v0x744bcf0_34;
v0x744bcf0_35 .array/port v0x744bcf0, 35;
v0x744bcf0_36 .array/port v0x744bcf0, 36;
v0x744bcf0_37 .array/port v0x744bcf0, 37;
v0x744bcf0_38 .array/port v0x744bcf0, 38;
E_0x744b2a0/9 .event anyedge, v0x744bcf0_35, v0x744bcf0_36, v0x744bcf0_37, v0x744bcf0_38;
v0x744bcf0_39 .array/port v0x744bcf0, 39;
v0x744bcf0_40 .array/port v0x744bcf0, 40;
v0x744bcf0_41 .array/port v0x744bcf0, 41;
v0x744bcf0_42 .array/port v0x744bcf0, 42;
E_0x744b2a0/10 .event anyedge, v0x744bcf0_39, v0x744bcf0_40, v0x744bcf0_41, v0x744bcf0_42;
v0x744bcf0_43 .array/port v0x744bcf0, 43;
v0x744bcf0_44 .array/port v0x744bcf0, 44;
v0x744bcf0_45 .array/port v0x744bcf0, 45;
v0x744bcf0_46 .array/port v0x744bcf0, 46;
E_0x744b2a0/11 .event anyedge, v0x744bcf0_43, v0x744bcf0_44, v0x744bcf0_45, v0x744bcf0_46;
v0x744bcf0_47 .array/port v0x744bcf0, 47;
v0x744bcf0_48 .array/port v0x744bcf0, 48;
v0x744bcf0_49 .array/port v0x744bcf0, 49;
v0x744bcf0_50 .array/port v0x744bcf0, 50;
E_0x744b2a0/12 .event anyedge, v0x744bcf0_47, v0x744bcf0_48, v0x744bcf0_49, v0x744bcf0_50;
v0x744bcf0_51 .array/port v0x744bcf0, 51;
v0x744bcf0_52 .array/port v0x744bcf0, 52;
v0x744bcf0_53 .array/port v0x744bcf0, 53;
v0x744bcf0_54 .array/port v0x744bcf0, 54;
E_0x744b2a0/13 .event anyedge, v0x744bcf0_51, v0x744bcf0_52, v0x744bcf0_53, v0x744bcf0_54;
v0x744bcf0_55 .array/port v0x744bcf0, 55;
v0x744bcf0_56 .array/port v0x744bcf0, 56;
v0x744bcf0_57 .array/port v0x744bcf0, 57;
v0x744bcf0_58 .array/port v0x744bcf0, 58;
E_0x744b2a0/14 .event anyedge, v0x744bcf0_55, v0x744bcf0_56, v0x744bcf0_57, v0x744bcf0_58;
v0x744bcf0_59 .array/port v0x744bcf0, 59;
v0x744bcf0_60 .array/port v0x744bcf0, 60;
v0x744bcf0_61 .array/port v0x744bcf0, 61;
v0x744bcf0_62 .array/port v0x744bcf0, 62;
E_0x744b2a0/15 .event anyedge, v0x744bcf0_59, v0x744bcf0_60, v0x744bcf0_61, v0x744bcf0_62;
v0x744bcf0_63 .array/port v0x744bcf0, 63;
v0x744bcf0_64 .array/port v0x744bcf0, 64;
v0x744bcf0_65 .array/port v0x744bcf0, 65;
v0x744bcf0_66 .array/port v0x744bcf0, 66;
E_0x744b2a0/16 .event anyedge, v0x744bcf0_63, v0x744bcf0_64, v0x744bcf0_65, v0x744bcf0_66;
v0x744bcf0_67 .array/port v0x744bcf0, 67;
v0x744bcf0_68 .array/port v0x744bcf0, 68;
v0x744bcf0_69 .array/port v0x744bcf0, 69;
v0x744bcf0_70 .array/port v0x744bcf0, 70;
E_0x744b2a0/17 .event anyedge, v0x744bcf0_67, v0x744bcf0_68, v0x744bcf0_69, v0x744bcf0_70;
v0x744bcf0_71 .array/port v0x744bcf0, 71;
v0x744bcf0_72 .array/port v0x744bcf0, 72;
v0x744bcf0_73 .array/port v0x744bcf0, 73;
v0x744bcf0_74 .array/port v0x744bcf0, 74;
E_0x744b2a0/18 .event anyedge, v0x744bcf0_71, v0x744bcf0_72, v0x744bcf0_73, v0x744bcf0_74;
v0x744bcf0_75 .array/port v0x744bcf0, 75;
v0x744bcf0_76 .array/port v0x744bcf0, 76;
v0x744bcf0_77 .array/port v0x744bcf0, 77;
v0x744bcf0_78 .array/port v0x744bcf0, 78;
E_0x744b2a0/19 .event anyedge, v0x744bcf0_75, v0x744bcf0_76, v0x744bcf0_77, v0x744bcf0_78;
v0x744bcf0_79 .array/port v0x744bcf0, 79;
v0x744bcf0_80 .array/port v0x744bcf0, 80;
v0x744bcf0_81 .array/port v0x744bcf0, 81;
v0x744bcf0_82 .array/port v0x744bcf0, 82;
E_0x744b2a0/20 .event anyedge, v0x744bcf0_79, v0x744bcf0_80, v0x744bcf0_81, v0x744bcf0_82;
v0x744bcf0_83 .array/port v0x744bcf0, 83;
v0x744bcf0_84 .array/port v0x744bcf0, 84;
v0x744bcf0_85 .array/port v0x744bcf0, 85;
v0x744bcf0_86 .array/port v0x744bcf0, 86;
E_0x744b2a0/21 .event anyedge, v0x744bcf0_83, v0x744bcf0_84, v0x744bcf0_85, v0x744bcf0_86;
v0x744bcf0_87 .array/port v0x744bcf0, 87;
v0x744bcf0_88 .array/port v0x744bcf0, 88;
v0x744bcf0_89 .array/port v0x744bcf0, 89;
v0x744bcf0_90 .array/port v0x744bcf0, 90;
E_0x744b2a0/22 .event anyedge, v0x744bcf0_87, v0x744bcf0_88, v0x744bcf0_89, v0x744bcf0_90;
v0x744bcf0_91 .array/port v0x744bcf0, 91;
v0x744bcf0_92 .array/port v0x744bcf0, 92;
v0x744bcf0_93 .array/port v0x744bcf0, 93;
v0x744bcf0_94 .array/port v0x744bcf0, 94;
E_0x744b2a0/23 .event anyedge, v0x744bcf0_91, v0x744bcf0_92, v0x744bcf0_93, v0x744bcf0_94;
v0x744bcf0_95 .array/port v0x744bcf0, 95;
v0x744bcf0_96 .array/port v0x744bcf0, 96;
v0x744bcf0_97 .array/port v0x744bcf0, 97;
v0x744bcf0_98 .array/port v0x744bcf0, 98;
E_0x744b2a0/24 .event anyedge, v0x744bcf0_95, v0x744bcf0_96, v0x744bcf0_97, v0x744bcf0_98;
v0x744bcf0_99 .array/port v0x744bcf0, 99;
v0x744bcf0_100 .array/port v0x744bcf0, 100;
v0x744bcf0_101 .array/port v0x744bcf0, 101;
v0x744bcf0_102 .array/port v0x744bcf0, 102;
E_0x744b2a0/25 .event anyedge, v0x744bcf0_99, v0x744bcf0_100, v0x744bcf0_101, v0x744bcf0_102;
v0x744bcf0_103 .array/port v0x744bcf0, 103;
v0x744bcf0_104 .array/port v0x744bcf0, 104;
v0x744bcf0_105 .array/port v0x744bcf0, 105;
v0x744bcf0_106 .array/port v0x744bcf0, 106;
E_0x744b2a0/26 .event anyedge, v0x744bcf0_103, v0x744bcf0_104, v0x744bcf0_105, v0x744bcf0_106;
v0x744bcf0_107 .array/port v0x744bcf0, 107;
v0x744bcf0_108 .array/port v0x744bcf0, 108;
v0x744bcf0_109 .array/port v0x744bcf0, 109;
v0x744bcf0_110 .array/port v0x744bcf0, 110;
E_0x744b2a0/27 .event anyedge, v0x744bcf0_107, v0x744bcf0_108, v0x744bcf0_109, v0x744bcf0_110;
v0x744bcf0_111 .array/port v0x744bcf0, 111;
v0x744bcf0_112 .array/port v0x744bcf0, 112;
v0x744bcf0_113 .array/port v0x744bcf0, 113;
v0x744bcf0_114 .array/port v0x744bcf0, 114;
E_0x744b2a0/28 .event anyedge, v0x744bcf0_111, v0x744bcf0_112, v0x744bcf0_113, v0x744bcf0_114;
v0x744bcf0_115 .array/port v0x744bcf0, 115;
v0x744bcf0_116 .array/port v0x744bcf0, 116;
v0x744bcf0_117 .array/port v0x744bcf0, 117;
v0x744bcf0_118 .array/port v0x744bcf0, 118;
E_0x744b2a0/29 .event anyedge, v0x744bcf0_115, v0x744bcf0_116, v0x744bcf0_117, v0x744bcf0_118;
v0x744bcf0_119 .array/port v0x744bcf0, 119;
v0x744bcf0_120 .array/port v0x744bcf0, 120;
v0x744bcf0_121 .array/port v0x744bcf0, 121;
v0x744bcf0_122 .array/port v0x744bcf0, 122;
E_0x744b2a0/30 .event anyedge, v0x744bcf0_119, v0x744bcf0_120, v0x744bcf0_121, v0x744bcf0_122;
v0x744bcf0_123 .array/port v0x744bcf0, 123;
v0x744bcf0_124 .array/port v0x744bcf0, 124;
v0x744bcf0_125 .array/port v0x744bcf0, 125;
v0x744bcf0_126 .array/port v0x744bcf0, 126;
E_0x744b2a0/31 .event anyedge, v0x744bcf0_123, v0x744bcf0_124, v0x744bcf0_125, v0x744bcf0_126;
v0x744bcf0_127 .array/port v0x744bcf0, 127;
v0x744bcf0_128 .array/port v0x744bcf0, 128;
v0x744bcf0_129 .array/port v0x744bcf0, 129;
v0x744bcf0_130 .array/port v0x744bcf0, 130;
E_0x744b2a0/32 .event anyedge, v0x744bcf0_127, v0x744bcf0_128, v0x744bcf0_129, v0x744bcf0_130;
v0x744bcf0_131 .array/port v0x744bcf0, 131;
v0x744bcf0_132 .array/port v0x744bcf0, 132;
v0x744bcf0_133 .array/port v0x744bcf0, 133;
v0x744bcf0_134 .array/port v0x744bcf0, 134;
E_0x744b2a0/33 .event anyedge, v0x744bcf0_131, v0x744bcf0_132, v0x744bcf0_133, v0x744bcf0_134;
v0x744bcf0_135 .array/port v0x744bcf0, 135;
v0x744bcf0_136 .array/port v0x744bcf0, 136;
v0x744bcf0_137 .array/port v0x744bcf0, 137;
v0x744bcf0_138 .array/port v0x744bcf0, 138;
E_0x744b2a0/34 .event anyedge, v0x744bcf0_135, v0x744bcf0_136, v0x744bcf0_137, v0x744bcf0_138;
v0x744bcf0_139 .array/port v0x744bcf0, 139;
v0x744bcf0_140 .array/port v0x744bcf0, 140;
v0x744bcf0_141 .array/port v0x744bcf0, 141;
v0x744bcf0_142 .array/port v0x744bcf0, 142;
E_0x744b2a0/35 .event anyedge, v0x744bcf0_139, v0x744bcf0_140, v0x744bcf0_141, v0x744bcf0_142;
v0x744bcf0_143 .array/port v0x744bcf0, 143;
v0x744bcf0_144 .array/port v0x744bcf0, 144;
v0x744bcf0_145 .array/port v0x744bcf0, 145;
v0x744bcf0_146 .array/port v0x744bcf0, 146;
E_0x744b2a0/36 .event anyedge, v0x744bcf0_143, v0x744bcf0_144, v0x744bcf0_145, v0x744bcf0_146;
v0x744bcf0_147 .array/port v0x744bcf0, 147;
v0x744bcf0_148 .array/port v0x744bcf0, 148;
v0x744bcf0_149 .array/port v0x744bcf0, 149;
v0x744bcf0_150 .array/port v0x744bcf0, 150;
E_0x744b2a0/37 .event anyedge, v0x744bcf0_147, v0x744bcf0_148, v0x744bcf0_149, v0x744bcf0_150;
v0x744bcf0_151 .array/port v0x744bcf0, 151;
v0x744bcf0_152 .array/port v0x744bcf0, 152;
v0x744bcf0_153 .array/port v0x744bcf0, 153;
v0x744bcf0_154 .array/port v0x744bcf0, 154;
E_0x744b2a0/38 .event anyedge, v0x744bcf0_151, v0x744bcf0_152, v0x744bcf0_153, v0x744bcf0_154;
v0x744bcf0_155 .array/port v0x744bcf0, 155;
v0x744bcf0_156 .array/port v0x744bcf0, 156;
v0x744bcf0_157 .array/port v0x744bcf0, 157;
v0x744bcf0_158 .array/port v0x744bcf0, 158;
E_0x744b2a0/39 .event anyedge, v0x744bcf0_155, v0x744bcf0_156, v0x744bcf0_157, v0x744bcf0_158;
v0x744bcf0_159 .array/port v0x744bcf0, 159;
v0x744bcf0_160 .array/port v0x744bcf0, 160;
v0x744bcf0_161 .array/port v0x744bcf0, 161;
v0x744bcf0_162 .array/port v0x744bcf0, 162;
E_0x744b2a0/40 .event anyedge, v0x744bcf0_159, v0x744bcf0_160, v0x744bcf0_161, v0x744bcf0_162;
v0x744bcf0_163 .array/port v0x744bcf0, 163;
v0x744bcf0_164 .array/port v0x744bcf0, 164;
v0x744bcf0_165 .array/port v0x744bcf0, 165;
v0x744bcf0_166 .array/port v0x744bcf0, 166;
E_0x744b2a0/41 .event anyedge, v0x744bcf0_163, v0x744bcf0_164, v0x744bcf0_165, v0x744bcf0_166;
v0x744bcf0_167 .array/port v0x744bcf0, 167;
v0x744bcf0_168 .array/port v0x744bcf0, 168;
v0x744bcf0_169 .array/port v0x744bcf0, 169;
v0x744bcf0_170 .array/port v0x744bcf0, 170;
E_0x744b2a0/42 .event anyedge, v0x744bcf0_167, v0x744bcf0_168, v0x744bcf0_169, v0x744bcf0_170;
v0x744bcf0_171 .array/port v0x744bcf0, 171;
v0x744bcf0_172 .array/port v0x744bcf0, 172;
v0x744bcf0_173 .array/port v0x744bcf0, 173;
v0x744bcf0_174 .array/port v0x744bcf0, 174;
E_0x744b2a0/43 .event anyedge, v0x744bcf0_171, v0x744bcf0_172, v0x744bcf0_173, v0x744bcf0_174;
v0x744bcf0_175 .array/port v0x744bcf0, 175;
v0x744bcf0_176 .array/port v0x744bcf0, 176;
v0x744bcf0_177 .array/port v0x744bcf0, 177;
v0x744bcf0_178 .array/port v0x744bcf0, 178;
E_0x744b2a0/44 .event anyedge, v0x744bcf0_175, v0x744bcf0_176, v0x744bcf0_177, v0x744bcf0_178;
v0x744bcf0_179 .array/port v0x744bcf0, 179;
v0x744bcf0_180 .array/port v0x744bcf0, 180;
v0x744bcf0_181 .array/port v0x744bcf0, 181;
v0x744bcf0_182 .array/port v0x744bcf0, 182;
E_0x744b2a0/45 .event anyedge, v0x744bcf0_179, v0x744bcf0_180, v0x744bcf0_181, v0x744bcf0_182;
v0x744bcf0_183 .array/port v0x744bcf0, 183;
v0x744bcf0_184 .array/port v0x744bcf0, 184;
v0x744bcf0_185 .array/port v0x744bcf0, 185;
v0x744bcf0_186 .array/port v0x744bcf0, 186;
E_0x744b2a0/46 .event anyedge, v0x744bcf0_183, v0x744bcf0_184, v0x744bcf0_185, v0x744bcf0_186;
v0x744bcf0_187 .array/port v0x744bcf0, 187;
v0x744bcf0_188 .array/port v0x744bcf0, 188;
v0x744bcf0_189 .array/port v0x744bcf0, 189;
v0x744bcf0_190 .array/port v0x744bcf0, 190;
E_0x744b2a0/47 .event anyedge, v0x744bcf0_187, v0x744bcf0_188, v0x744bcf0_189, v0x744bcf0_190;
v0x744bcf0_191 .array/port v0x744bcf0, 191;
v0x744bcf0_192 .array/port v0x744bcf0, 192;
v0x744bcf0_193 .array/port v0x744bcf0, 193;
v0x744bcf0_194 .array/port v0x744bcf0, 194;
E_0x744b2a0/48 .event anyedge, v0x744bcf0_191, v0x744bcf0_192, v0x744bcf0_193, v0x744bcf0_194;
v0x744bcf0_195 .array/port v0x744bcf0, 195;
v0x744bcf0_196 .array/port v0x744bcf0, 196;
v0x744bcf0_197 .array/port v0x744bcf0, 197;
v0x744bcf0_198 .array/port v0x744bcf0, 198;
E_0x744b2a0/49 .event anyedge, v0x744bcf0_195, v0x744bcf0_196, v0x744bcf0_197, v0x744bcf0_198;
v0x744bcf0_199 .array/port v0x744bcf0, 199;
v0x744bcf0_200 .array/port v0x744bcf0, 200;
v0x744bcf0_201 .array/port v0x744bcf0, 201;
v0x744bcf0_202 .array/port v0x744bcf0, 202;
E_0x744b2a0/50 .event anyedge, v0x744bcf0_199, v0x744bcf0_200, v0x744bcf0_201, v0x744bcf0_202;
v0x744bcf0_203 .array/port v0x744bcf0, 203;
v0x744bcf0_204 .array/port v0x744bcf0, 204;
v0x744bcf0_205 .array/port v0x744bcf0, 205;
v0x744bcf0_206 .array/port v0x744bcf0, 206;
E_0x744b2a0/51 .event anyedge, v0x744bcf0_203, v0x744bcf0_204, v0x744bcf0_205, v0x744bcf0_206;
v0x744bcf0_207 .array/port v0x744bcf0, 207;
v0x744bcf0_208 .array/port v0x744bcf0, 208;
v0x744bcf0_209 .array/port v0x744bcf0, 209;
v0x744bcf0_210 .array/port v0x744bcf0, 210;
E_0x744b2a0/52 .event anyedge, v0x744bcf0_207, v0x744bcf0_208, v0x744bcf0_209, v0x744bcf0_210;
v0x744bcf0_211 .array/port v0x744bcf0, 211;
v0x744bcf0_212 .array/port v0x744bcf0, 212;
v0x744bcf0_213 .array/port v0x744bcf0, 213;
v0x744bcf0_214 .array/port v0x744bcf0, 214;
E_0x744b2a0/53 .event anyedge, v0x744bcf0_211, v0x744bcf0_212, v0x744bcf0_213, v0x744bcf0_214;
v0x744bcf0_215 .array/port v0x744bcf0, 215;
v0x744bcf0_216 .array/port v0x744bcf0, 216;
v0x744bcf0_217 .array/port v0x744bcf0, 217;
v0x744bcf0_218 .array/port v0x744bcf0, 218;
E_0x744b2a0/54 .event anyedge, v0x744bcf0_215, v0x744bcf0_216, v0x744bcf0_217, v0x744bcf0_218;
v0x744bcf0_219 .array/port v0x744bcf0, 219;
v0x744bcf0_220 .array/port v0x744bcf0, 220;
v0x744bcf0_221 .array/port v0x744bcf0, 221;
v0x744bcf0_222 .array/port v0x744bcf0, 222;
E_0x744b2a0/55 .event anyedge, v0x744bcf0_219, v0x744bcf0_220, v0x744bcf0_221, v0x744bcf0_222;
v0x744bcf0_223 .array/port v0x744bcf0, 223;
v0x744bcf0_224 .array/port v0x744bcf0, 224;
v0x744bcf0_225 .array/port v0x744bcf0, 225;
v0x744bcf0_226 .array/port v0x744bcf0, 226;
E_0x744b2a0/56 .event anyedge, v0x744bcf0_223, v0x744bcf0_224, v0x744bcf0_225, v0x744bcf0_226;
v0x744bcf0_227 .array/port v0x744bcf0, 227;
v0x744bcf0_228 .array/port v0x744bcf0, 228;
v0x744bcf0_229 .array/port v0x744bcf0, 229;
v0x744bcf0_230 .array/port v0x744bcf0, 230;
E_0x744b2a0/57 .event anyedge, v0x744bcf0_227, v0x744bcf0_228, v0x744bcf0_229, v0x744bcf0_230;
v0x744bcf0_231 .array/port v0x744bcf0, 231;
v0x744bcf0_232 .array/port v0x744bcf0, 232;
v0x744bcf0_233 .array/port v0x744bcf0, 233;
v0x744bcf0_234 .array/port v0x744bcf0, 234;
E_0x744b2a0/58 .event anyedge, v0x744bcf0_231, v0x744bcf0_232, v0x744bcf0_233, v0x744bcf0_234;
v0x744bcf0_235 .array/port v0x744bcf0, 235;
v0x744bcf0_236 .array/port v0x744bcf0, 236;
v0x744bcf0_237 .array/port v0x744bcf0, 237;
v0x744bcf0_238 .array/port v0x744bcf0, 238;
E_0x744b2a0/59 .event anyedge, v0x744bcf0_235, v0x744bcf0_236, v0x744bcf0_237, v0x744bcf0_238;
v0x744bcf0_239 .array/port v0x744bcf0, 239;
v0x744bcf0_240 .array/port v0x744bcf0, 240;
v0x744bcf0_241 .array/port v0x744bcf0, 241;
v0x744bcf0_242 .array/port v0x744bcf0, 242;
E_0x744b2a0/60 .event anyedge, v0x744bcf0_239, v0x744bcf0_240, v0x744bcf0_241, v0x744bcf0_242;
v0x744bcf0_243 .array/port v0x744bcf0, 243;
v0x744bcf0_244 .array/port v0x744bcf0, 244;
v0x744bcf0_245 .array/port v0x744bcf0, 245;
v0x744bcf0_246 .array/port v0x744bcf0, 246;
E_0x744b2a0/61 .event anyedge, v0x744bcf0_243, v0x744bcf0_244, v0x744bcf0_245, v0x744bcf0_246;
v0x744bcf0_247 .array/port v0x744bcf0, 247;
v0x744bcf0_248 .array/port v0x744bcf0, 248;
v0x744bcf0_249 .array/port v0x744bcf0, 249;
v0x744bcf0_250 .array/port v0x744bcf0, 250;
E_0x744b2a0/62 .event anyedge, v0x744bcf0_247, v0x744bcf0_248, v0x744bcf0_249, v0x744bcf0_250;
v0x744bcf0_251 .array/port v0x744bcf0, 251;
v0x744bcf0_252 .array/port v0x744bcf0, 252;
v0x744bcf0_253 .array/port v0x744bcf0, 253;
v0x744bcf0_254 .array/port v0x744bcf0, 254;
E_0x744b2a0/63 .event anyedge, v0x744bcf0_251, v0x744bcf0_252, v0x744bcf0_253, v0x744bcf0_254;
v0x744bcf0_255 .array/port v0x744bcf0, 255;
E_0x744b2a0/64 .event anyedge, v0x744bcf0_255;
E_0x744b2a0 .event/or E_0x744b2a0/0, E_0x744b2a0/1, E_0x744b2a0/2, E_0x744b2a0/3, E_0x744b2a0/4, E_0x744b2a0/5, E_0x744b2a0/6, E_0x744b2a0/7, E_0x744b2a0/8, E_0x744b2a0/9, E_0x744b2a0/10, E_0x744b2a0/11, E_0x744b2a0/12, E_0x744b2a0/13, E_0x744b2a0/14, E_0x744b2a0/15, E_0x744b2a0/16, E_0x744b2a0/17, E_0x744b2a0/18, E_0x744b2a0/19, E_0x744b2a0/20, E_0x744b2a0/21, E_0x744b2a0/22, E_0x744b2a0/23, E_0x744b2a0/24, E_0x744b2a0/25, E_0x744b2a0/26, E_0x744b2a0/27, E_0x744b2a0/28, E_0x744b2a0/29, E_0x744b2a0/30, E_0x744b2a0/31, E_0x744b2a0/32, E_0x744b2a0/33, E_0x744b2a0/34, E_0x744b2a0/35, E_0x744b2a0/36, E_0x744b2a0/37, E_0x744b2a0/38, E_0x744b2a0/39, E_0x744b2a0/40, E_0x744b2a0/41, E_0x744b2a0/42, E_0x744b2a0/43, E_0x744b2a0/44, E_0x744b2a0/45, E_0x744b2a0/46, E_0x744b2a0/47, E_0x744b2a0/48, E_0x744b2a0/49, E_0x744b2a0/50, E_0x744b2a0/51, E_0x744b2a0/52, E_0x744b2a0/53, E_0x744b2a0/54, E_0x744b2a0/55, E_0x744b2a0/56, E_0x744b2a0/57, E_0x744b2a0/58, E_0x744b2a0/59, E_0x744b2a0/60, E_0x744b2a0/61, E_0x744b2a0/62, E_0x744b2a0/63, E_0x744b2a0/64;
S_0x744e600 .scope module, "PC" "pc" 4 61, 9 1 0, S_0x740ca10;
 .timescale 0 0;
    .port_info 0 /INPUT 1 "clk";
    .port_info 1 /INPUT 1 "rst";
    .port_info 2 /INPUT 1 "halt";
    .port_info 3 /INPUT 1 "jmp_e";
    .port_info 4 /INPUT 8 "load_add";
    .port_info 5 /OUTPUT 8 "pc";
v0x744e910_0 .net "clk", 0 0, v0x74502b0_0;  alias, 1 drivers
v0x744ea00_0 .net "halt", 0 0, v0x7446cb0_0;  alias, 1 drivers
v0x744eac0_0 .net "jmp_e", 0 0, v0x7446d70_0;  alias, 1 drivers
v0x744eb90_0 .net "load_add", 7 0, v0x7446ec0_0;  alias, 1 drivers
v0x744ec60_0 .var "pc", 7 0;
v0x744ed50_0 .net "rst", 0 0, v0x74504a0_0;  alias, 1 drivers
    .scope S_0x744e600;
T_0 ;
    %wait E_0x73ec420;
    %load/vec4 v0x744ea00_0;
    %flag_set/vec4 8;
    %jmp/0xz  T_0.0, 8;
    %load/vec4 v0x744ec60_0;
    %assign/vec4 v0x744ec60_0, 0;
    %jmp T_0.1;
T_0.0 ;
    %load/vec4 v0x744ed50_0;
    %flag_set/vec4 8;
    %jmp/0xz  T_0.2, 8;
    %pushi/vec4 0, 0, 8;
    %assign/vec4 v0x744ec60_0, 0;
    %jmp T_0.3;
T_0.2 ;
    %load/vec4 v0x744eac0_0;
    %flag_set/vec4 8;
    %jmp/0xz  T_0.4, 8;
    %load/vec4 v0x744eb90_0;
    %assign/vec4 v0x744ec60_0, 0;
    %jmp T_0.5;
T_0.4 ;
    %load/vec4 v0x744ec60_0;
    %addi 1, 0, 8;
    %assign/vec4 v0x744ec60_0, 0;
T_0.5 ;
T_0.3 ;
T_0.1 ;
    %jmp T_0;
    .thread T_0;
    .scope S_0x744b060;
T_1 ;
    %vpi_call/w 8 14 "$readmemb", "program.mem", v0x744bcf0 {0 0 0};
    %end;
    .thread T_1;
    .scope S_0x744b060;
T_2 ;
    %wait E_0x744b2a0;
    %load/vec4 v0x744bb10_0;
    %pad/u 10;
    %ix/vec4 4;
    %load/vec4a v0x744bcf0, 4;
    %store/vec4 v0x744bbf0_0, 0, 8;
    %jmp T_2;
    .thread T_2, $push;
    .scope S_0x7447860;
T_3 ;
    %wait E_0x73ec420;
    %load/vec4 v0x744aee0_0;
    %flag_set/vec4 8;
    %jmp/0xz  T_3.0, 8;
    %load/vec4 v0x7448450_0;
    %load/vec4 v0x74482c0_0;
    %pad/u 10;
    %ix/vec4 3;
    %ix/load 4, 0, 0; Constant delay
    %assign/vec4/a/d v0x7448620, 0, 4;
T_3.0 ;
    %jmp T_3;
    .thread T_3;
    .scope S_0x7447860;
T_4 ;
    %wait E_0x7447a70;
    %load/vec4 v0x74482c0_0;
    %pad/u 10;
    %ix/vec4 4;
    %load/vec4a v0x7448620, 4;
    %store/vec4 v0x7448550_0, 0, 8;
    %jmp T_4;
    .thread T_4, $push;
    .scope S_0x740cc40;
T_5 ;
    %wait E_0x73ec050;
    %pushi/vec4 0, 0, 1;
    %store/vec4 v0x7445d40_0, 0, 1;
    %pushi/vec4 0, 0, 1;
    %store/vec4 v0x7445e00_0, 0, 1;
    %pushi/vec4 0, 0, 8;
    %store/vec4 v0x7445b70_0, 0, 8;
    %load/vec4 v0x7445f10_0;
    %dup/vec4;
    %pushi/vec4 0, 0, 3;
    %cmp/u;
    %jmp/1 T_5.0, 6;
    %dup/vec4;
    %pushi/vec4 1, 0, 3;
    %cmp/u;
    %jmp/1 T_5.1, 6;
    %dup/vec4;
    %pushi/vec4 2, 0, 3;
    %cmp/u;
    %jmp/1 T_5.2, 6;
    %dup/vec4;
    %pushi/vec4 3, 0, 3;
    %cmp/u;
    %jmp/1 T_5.3, 6;
    %dup/vec4;
    %pushi/vec4 4, 0, 3;
    %cmp/u;
    %jmp/1 T_5.4, 6;
    %dup/vec4;
    %pushi/vec4 5, 0, 3;
    %cmp/u;
    %jmp/1 T_5.5, 6;
    %dup/vec4;
    %pushi/vec4 6, 0, 3;
    %cmp/u;
    %jmp/1 T_5.6, 6;
    %dup/vec4;
    %pushi/vec4 7, 0, 3;
    %cmp/u;
    %jmp/1 T_5.7, 6;
    %pushi/vec4 0, 0, 8;
    %store/vec4 v0x7445b70_0, 0, 8;
    %jmp T_5.9;
T_5.0 ;
    %load/vec4 v0x7419c50_0;
    %pad/u 9;
    %load/vec4 v0x7445c50_0;
    %pad/u 9;
    %add;
    %split/vec4 8;
    %store/vec4 v0x7445b70_0, 0, 8;
    %store/vec4 v0x7445d40_0, 0, 1;
    %load/vec4 v0x7419c50_0;
    %parti/s 1, 7, 4;
    %load/vec4 v0x7445c50_0;
    %parti/s 1, 7, 4;
    %cmp/e;
    %flag_get/vec4 4;
    %jmp/0 T_5.10, 4;
    %load/vec4 v0x7445b70_0;
    %parti/s 1, 7, 4;
    %load/vec4 v0x7419c50_0;
    %parti/s 1, 7, 4;
    %cmp/ne;
    %flag_get/vec4 4;
    %and;
T_5.10;
    %store/vec4 v0x7445e00_0, 0, 1;
    %jmp T_5.9;
T_5.1 ;
    %load/vec4 v0x7419c50_0;
    %pad/u 9;
    %load/vec4 v0x7445c50_0;
    %pad/u 9;
    %sub;
    %split/vec4 8;
    %store/vec4 v0x7445b70_0, 0, 8;
    %store/vec4 v0x7445d40_0, 0, 1;
    %load/vec4 v0x7419c50_0;
    %parti/s 1, 7, 4;
    %load/vec4 v0x7445c50_0;
    %parti/s 1, 7, 4;
    %cmp/ne;
    %flag_get/vec4 4;
    %jmp/0 T_5.11, 4;
    %load/vec4 v0x7445b70_0;
    %parti/s 1, 7, 4;
    %load/vec4 v0x7419c50_0;
    %parti/s 1, 7, 4;
    %cmp/ne;
    %flag_get/vec4 4;
    %and;
T_5.11;
    %store/vec4 v0x7445e00_0, 0, 1;
    %jmp T_5.9;
T_5.2 ;
    %load/vec4 v0x7419c50_0;
    %load/vec4 v0x7445c50_0;
    %or;
    %store/vec4 v0x7445b70_0, 0, 8;
    %jmp T_5.9;
T_5.3 ;
    %load/vec4 v0x7419c50_0;
    %load/vec4 v0x7445c50_0;
    %and;
    %store/vec4 v0x7445b70_0, 0, 8;
    %jmp T_5.9;
T_5.4 ;
    %load/vec4 v0x7419c50_0;
    %load/vec4 v0x7445c50_0;
    %xor;
    %store/vec4 v0x7445b70_0, 0, 8;
    %jmp T_5.9;
T_5.5 ;
    %load/vec4 v0x7419c50_0;
    %ix/load 4, 1, 0;
    %flag_set/imm 4, 0;
    %shiftl 4;
    %store/vec4 v0x7445b70_0, 0, 8;
    %jmp T_5.9;
T_5.6 ;
    %load/vec4 v0x7419c50_0;
    %ix/load 4, 1, 0;
    %flag_set/imm 4, 0;
    %shiftr 4;
    %store/vec4 v0x7445b70_0, 0, 8;
    %jmp T_5.9;
T_5.7 ;
    %load/vec4 v0x7419c50_0;
    %store/vec4 v0x7445b70_0, 0, 8;
    %jmp T_5.9;
T_5.9 ;
    %pop/vec4 1;
    %load/vec4 v0x7445b70_0;
    %pushi/vec4 0, 0, 8;
    %cmp/e;
    %flag_get/vec4 4;
    %store/vec4 v0x7445ff0_0, 0, 1;
    %jmp T_5;
    .thread T_5, $push;
    .scope S_0x74461d0;
T_6 ;
    %wait E_0x7446620;
    %pushi/vec4 0, 0, 1;
    %store/vec4 v0x7446cb0_0, 0, 1;
    %pushi/vec4 0, 0, 1;
    %store/vec4 v0x7446d70_0, 0, 1;
    %pushi/vec4 0, 0, 1;
    %store/vec4 v0x7447240_0, 0, 1;
    %pushi/vec4 7, 0, 3;
    %store/vec4 v0x74473e0_0, 0, 3;
    %pushi/vec4 0, 0, 8;
    %store/vec4 v0x7446770_0, 0, 8;
    %pushi/vec4 0, 0, 8;
    %store/vec4 v0x7446ec0_0, 0, 8;
    %load/vec4 v0x7446660_0;
    %store/vec4 v0x7446af0_0, 0, 8;
    %load/vec4 v0x7446fa0_0;
    %dup/vec4;
    %pushi/vec4 1, 0, 4;
    %cmp/u;
    %jmp/1 T_6.0, 6;
    %dup/vec4;
    %pushi/vec4 2, 0, 4;
    %cmp/u;
    %jmp/1 T_6.1, 6;
    %dup/vec4;
    %pushi/vec4 3, 0, 4;
    %cmp/u;
    %jmp/1 T_6.2, 6;
    %dup/vec4;
    %pushi/vec4 4, 0, 4;
    %cmp/u;
    %jmp/1 T_6.3, 6;
    %dup/vec4;
    %pushi/vec4 5, 0, 4;
    %cmp/u;
    %jmp/1 T_6.4, 6;
    %dup/vec4;
    %pushi/vec4 6, 0, 4;
    %cmp/u;
    %jmp/1 T_6.5, 6;
    %dup/vec4;
    %pushi/vec4 7, 0, 4;
    %cmp/u;
    %jmp/1 T_6.6, 6;
    %dup/vec4;
    %pushi/vec4 8, 0, 4;
    %cmp/u;
    %jmp/1 T_6.7, 6;
    %dup/vec4;
    %pushi/vec4 9, 0, 4;
    %cmp/u;
    %jmp/1 T_6.8, 6;
    %dup/vec4;
    %pushi/vec4 10, 0, 4;
    %cmp/u;
    %jmp/1 T_6.9, 6;
    %dup/vec4;
    %pushi/vec4 11, 0, 4;
    %cmp/u;
    %jmp/1 T_6.10, 6;
    %dup/vec4;
    %pushi/vec4 12, 0, 4;
    %cmp/u;
    %jmp/1 T_6.11, 6;
    %dup/vec4;
    %pushi/vec4 15, 0, 4;
    %cmp/u;
    %jmp/1 T_6.12, 6;
    %jmp T_6.13;
T_6.0 ;
    %pushi/vec4 0, 0, 3;
    %store/vec4 v0x74473e0_0, 0, 3;
    %jmp T_6.13;
T_6.1 ;
    %pushi/vec4 1, 0, 3;
    %store/vec4 v0x74473e0_0, 0, 3;
    %jmp T_6.13;
T_6.2 ;
    %pushi/vec4 2, 0, 3;
    %store/vec4 v0x74473e0_0, 0, 3;
    %jmp T_6.13;
T_6.3 ;
    %pushi/vec4 3, 0, 3;
    %store/vec4 v0x74473e0_0, 0, 3;
    %jmp T_6.13;
T_6.4 ;
    %pushi/vec4 4, 0, 3;
    %store/vec4 v0x74473e0_0, 0, 3;
    %jmp T_6.13;
T_6.5 ;
    %pushi/vec4 5, 0, 3;
    %store/vec4 v0x74473e0_0, 0, 3;
    %jmp T_6.13;
T_6.6 ;
    %pushi/vec4 6, 0, 3;
    %store/vec4 v0x74473e0_0, 0, 3;
    %jmp T_6.13;
T_6.7 ;
    %pushi/vec4 7, 0, 3;
    %store/vec4 v0x74473e0_0, 0, 3;
    %jmp T_6.13;
T_6.8 ;
    %pushi/vec4 0, 0, 4;
    %load/vec4 v0x7447080_0;
    %concat/vec4; draw_concat_vec4
    %store/vec4 v0x7446770_0, 0, 8;
    %jmp T_6.13;
T_6.9 ;
    %pushi/vec4 0, 0, 4;
    %load/vec4 v0x7447080_0;
    %concat/vec4; draw_concat_vec4
    %store/vec4 v0x7446770_0, 0, 8;
    %pushi/vec4 1, 0, 1;
    %store/vec4 v0x7447240_0, 0, 1;
    %jmp T_6.13;
T_6.10 ;
    %pushi/vec4 1, 0, 1;
    %store/vec4 v0x7446d70_0, 0, 1;
    %pushi/vec4 0, 0, 4;
    %load/vec4 v0x7447080_0;
    %concat/vec4; draw_concat_vec4
    %store/vec4 v0x7446ec0_0, 0, 8;
    %jmp T_6.13;
T_6.11 ;
    %load/vec4 v0x74474a0_0;
    %flag_set/vec4 8;
    %jmp/0xz  T_6.14, 8;
    %pushi/vec4 1, 0, 1;
    %store/vec4 v0x7446d70_0, 0, 1;
    %pushi/vec4 0, 0, 4;
    %load/vec4 v0x7447080_0;
    %concat/vec4; draw_concat_vec4
    %store/vec4 v0x7446ec0_0, 0, 8;
T_6.14 ;
    %jmp T_6.13;
T_6.12 ;
    %pushi/vec4 1, 0, 1;
    %store/vec4 v0x7446cb0_0, 0, 1;
    %jmp T_6.13;
T_6.13 ;
    %pop/vec4 1;
    %jmp T_6;
    .thread T_6, $push;
    .scope S_0x74461d0;
T_7 ;
    %wait E_0x73ec420;
    %load/vec4 v0x7446fa0_0;
    %dup/vec4;
    %pushi/vec4 0, 0, 4;
    %cmp/u;
    %jmp/1 T_7.0, 6;
    %dup/vec4;
    %pushi/vec4 9, 0, 4;
    %cmp/u;
    %jmp/1 T_7.1, 6;
    %dup/vec4;
    %pushi/vec4 13, 0, 4;
    %cmp/u;
    %jmp/1 T_7.2, 6;
    %jmp T_7.3;
T_7.0 ;
    %load/vec4 v0x7447080_0;
    %parti/s 2, 2, 3;
    %dup/vec4;
    %pushi/vec4 0, 0, 2;
    %cmp/u;
    %jmp/1 T_7.4, 6;
    %dup/vec4;
    %pushi/vec4 1, 0, 2;
    %cmp/u;
    %jmp/1 T_7.5, 6;
    %dup/vec4;
    %pushi/vec4 2, 0, 2;
    %cmp/u;
    %jmp/1 T_7.6, 6;
    %jmp T_7.7;
T_7.4 ;
    %load/vec4 v0x7447080_0;
    %parti/s 2, 0, 2;
    %dup/vec4;
    %pushi/vec4 1, 0, 2;
    %cmp/u;
    %jmp/1 T_7.8, 6;
    %dup/vec4;
    %pushi/vec4 2, 0, 2;
    %cmp/u;
    %jmp/1 T_7.9, 6;
    %dup/vec4;
    %pushi/vec4 3, 0, 2;
    %cmp/u;
    %jmp/1 T_7.10, 6;
    %jmp T_7.11;
T_7.8 ;
    %load/vec4 v0x7446930_0;
    %assign/vec4 v0x7446660_0, 0;
    %jmp T_7.11;
T_7.9 ;
    %load/vec4 v0x7447300_0;
    %assign/vec4 v0x7446660_0, 0;
    %jmp T_7.11;
T_7.10 ;
    %load/vec4 v0x7446830_0;
    %assign/vec4 v0x7446660_0, 0;
    %jmp T_7.11;
T_7.11 ;
    %pop/vec4 1;
    %jmp T_7.7;
T_7.5 ;
    %load/vec4 v0x7447080_0;
    %parti/s 2, 0, 2;
    %dup/vec4;
    %pushi/vec4 0, 0, 2;
    %cmp/u;
    %jmp/1 T_7.12, 6;
    %dup/vec4;
    %pushi/vec4 2, 0, 2;
    %cmp/u;
    %jmp/1 T_7.13, 6;
    %dup/vec4;
    %pushi/vec4 3, 0, 2;
    %cmp/u;
    %jmp/1 T_7.14, 6;
    %jmp T_7.15;
T_7.12 ;
    %load/vec4 v0x7446660_0;
    %assign/vec4 v0x7446930_0, 0;
    %jmp T_7.15;
T_7.13 ;
    %load/vec4 v0x7447300_0;
    %assign/vec4 v0x7446930_0, 0;
    %jmp T_7.15;
T_7.14 ;
    %load/vec4 v0x7446830_0;
    %assign/vec4 v0x7446930_0, 0;
    %jmp T_7.15;
T_7.15 ;
    %pop/vec4 1;
    %jmp T_7.7;
T_7.6 ;
    %load/vec4 v0x7447080_0;
    %parti/s 2, 0, 2;
    %dup/vec4;
    %pushi/vec4 0, 0, 2;
    %cmp/u;
    %jmp/1 T_7.16, 6;
    %dup/vec4;
    %pushi/vec4 1, 0, 2;
    %cmp/u;
    %jmp/1 T_7.17, 6;
    %dup/vec4;
    %pushi/vec4 3, 0, 2;
    %cmp/u;
    %jmp/1 T_7.18, 6;
    %jmp T_7.19;
T_7.16 ;
    %load/vec4 v0x7446660_0;
    %assign/vec4 v0x7447300_0, 0;
    %jmp T_7.19;
T_7.17 ;
    %load/vec4 v0x7446930_0;
    %assign/vec4 v0x7447300_0, 0;
    %jmp T_7.19;
T_7.18 ;
    %load/vec4 v0x7446830_0;
    %assign/vec4 v0x7447300_0, 0;
    %jmp T_7.19;
T_7.19 ;
    %pop/vec4 1;
    %jmp T_7.7;
T_7.7 ;
    %pop/vec4 1;
    %jmp T_7.3;
T_7.1 ;
    %load/vec4 v0x7447160_0;
    %assign/vec4 v0x7446660_0, 0;
    %jmp T_7.3;
T_7.2 ;
    %load/vec4 v0x7446bd0_0;
    %assign/vec4 v0x7446660_0, 0;
    %jmp T_7.3;
T_7.3 ;
    %pop/vec4 1;
    %jmp T_7;
    .thread T_7;
    .scope S_0x73fc860;
T_8 ;
    %delay 5, 0;
    %load/vec4 v0x74502b0_0;
    %inv;
    %store/vec4 v0x74502b0_0, 0, 1;
    %jmp T_8;
    .thread T_8;
    .scope S_0x73fc860;
T_9 ;
    %vpi_call/w 3 18 "$dumpfile", "dump.vcd" {0 0 0};
    %vpi_call/w 3 19 "$dumpvars", 32'sb00000000000000000000000000000000, S_0x73fc860 {0 0 0};
    %vpi_call/w 3 22 "$monitor", "Time=%0t | PC=%b | Inst=%b | Op=%b | A=%d | B=%d | ALU=%d |OV=%d |C=%d | Halt=%b", $time, v0x744fc60_0, v0x744f7e0_0, v0x744fa60_0, v0x744ee90_0, v0x744efc0_0, v0x744f260_0, v0x744fbc0_0, v0x744f3c0_0, v0x744f740_0 {0 0 0};
    %pushi/vec4 99, 0, 8;
    %store/vec4 v0x74503e0_0, 0, 8;
    %pushi/vec4 10, 0, 8;
    %ix/load 4, 0, 0;
    %flag_set/imm 4, 0;
    %store/vec4a v0x7448620, 4, 0;
    %pushi/vec4 20, 0, 8;
    %ix/load 4, 1, 0;
    %flag_set/imm 4, 0;
    %store/vec4a v0x7448620, 4, 0;
    %pushi/vec4 0, 0, 1;
    %store/vec4 v0x74502b0_0, 0, 1;
    %pushi/vec4 1, 0, 1;
    %store/vec4 v0x74504a0_0, 0, 1;
    %delay 10, 0;
    %pushi/vec4 0, 0, 1;
    %store/vec4 v0x74504a0_0, 0, 1;
    %delay 200, 0;
    %vpi_call/w 3 37 "$finish" {0 0 0};
    %end;
    .thread T_9;
    .scope S_0x73fc860;
T_10 ;
    %wait E_0x73ec420;
    %load/vec4 v0x744f740_0;
    %cmpi/e 1, 0, 1;
    %jmp/0xz  T_10.0, 4;
    %vpi_call/w 3 42 "$display", "CPU Halted at Time=%0t", $time {0 0 0};
    %delay 10, 0;
    %vpi_call/w 3 43 "$finish" {0 0 0};
T_10.0 ;
    %jmp T_10;
    .thread T_10;
# The file index is used to find the file name in the following table.
:file_names 10;
    "N/A";
    "<interactive>";
    "-";
    "testbench.sv";
    "design.sv";
    "./alu.v";
    "./control_unit.v";
    "./data_ram.v";
    "./instruction_mem.v";
    "./pc.v";
