#! /usr/local/bin/vvp
:ivl_version "12.0 (stable)";
:ivl_delay_selection "TYPICAL";
:vpi_time_precision + 0;
:vpi_module "/usr/local/lib/ivl/system.vpi";
:vpi_module "/usr/local/lib/ivl/vhdl_sys.vpi";
:vpi_module "/usr/local/lib/ivl/vhdl_textio.vpi";
:vpi_module "/usr/local/lib/ivl/v2005_math.vpi";
:vpi_module "/usr/local/lib/ivl/va_math.vpi";
:vpi_module "/usr/local/lib/ivl/v2009.vpi";
S_0x5be6220 .scope package, "$unit" "$unit" 2 1;
 .timescale 0 0;
S_0x5bf30e0 .scope module, "tb" "tb" 3 1;
 .timescale 0 0;
v0x5c18b30_0 .var "clk", 0 0;
v0x5c18bd0_0 .var "ext_data", 7 0;
v0x5c18c90_0 .var "rst", 0 0;
S_0x5bac390 .scope module, "dut" "cpu" 3 8, 4 12 0, S_0x5bf30e0;
 .timescale 0 0;
    .port_info 0 /INPUT 1 "clk";
    .port_info 1 /INPUT 1 "rst";
    .port_info 2 /INPUT 8 "ext_data";
L_0x5c18d30 .functor BUFZ 1, v0x5c10cf0_0, C4<0>, C4<0>, C4<0>;
L_0x5c193d0 .functor BUFZ 8, v0x5c15840_0, C4<00000000>, C4<00000000>, C4<00000000>;
L_0x5c19440 .functor BUFZ 8, L_0x5c12290, C4<00000000>, C4<00000000>, C4<00000000>;
L_0x5c19540 .functor BUFZ 4, L_0x5c19050, C4<0000>, C4<0000>, C4<0000>;
v0x5c168f0_0 .net "A", 7 0, v0x5c15e80_0;  1 drivers
v0x5c169d0_0 .net "B", 7 0, v0x5c16000_0;  1 drivers
v0x5c16ae0_0 .net "RES", 7 0, v0x5c16580_0;  1 drivers
v0x5c16bd0_0 .net "addr", 7 0, v0x5c10a80_0;  1 drivers
v0x5c16ce0_0 .net "alu_out", 7 0, v0x5c0ffa0_0;  1 drivers
v0x5c16e40_0 .net "carry", 0 0, v0x5c10170_0;  1 drivers
v0x5c16ee0_0 .net "clk", 0 0, v0x5c18b30_0;  1 drivers
v0x5c16f80_0 .net "data_in", 7 0, v0x5c10b40_0;  1 drivers
v0x5c17070_0 .net "ext_data", 7 0, v0x5c18bd0_0;  1 drivers
v0x5c171c0_0 .net "flush", 0 0, L_0x5c18d30;  1 drivers
v0x5c17260_0 .net "fwd_A", 7 0, v0x5c13710_0;  1 drivers
v0x5c17300_0 .net "fwd_B", 7 0, v0x5c13820_0;  1 drivers
v0x5c17410_0 .net "halt", 0 0, v0x5c10c30_0;  1 drivers
v0x5c17500_0 .net "id_instruction", 7 0, v0x5c14520_0;  1 drivers
v0x5c175c0_0 .net "id_opcode", 3 0, L_0x5c19050;  1 drivers
v0x5c176b0_0 .net "id_operand", 3 0, L_0x5c190f0;  1 drivers
v0x5c177c0_0 .net "id_pc", 7 0, v0x5c145e0_0;  1 drivers
v0x5c17970_0 .net "if_instruction", 7 0, L_0x5c12290;  1 drivers
v0x5c17a10_0 .net "if_pc", 7 0, v0x5c15840_0;  1 drivers
v0x5c17ab0_0 .net "instruction", 7 0, L_0x5c19440;  1 drivers
v0x5c17b90_0 .net "jmp_e", 0 0, v0x5c10cf0_0;  1 drivers
v0x5c17c80_0 .net "load_add", 7 0, v0x5c10e00_0;  1 drivers
v0x5c17d90_0 .net "mem_addr", 7 0, v0x5c12a60_0;  1 drivers
v0x5c17ea0_0 .net "mem_alu_out", 7 0, v0x5c12b30_0;  1 drivers
v0x5c17f60_0 .net "mem_data_in", 7 0, v0x5c12c60_0;  1 drivers
v0x5c18070_0 .net "mem_opcode", 3 0, v0x5c12d30_0;  1 drivers
v0x5c18130_0 .net "mem_operand", 3 0, v0x5c12df0_0;  1 drivers
v0x5c181f0_0 .net "mem_ram_we", 0 0, v0x5c12ed0_0;  1 drivers
v0x5c182e0_0 .net "opcode", 3 0, L_0x5c19540;  1 drivers
v0x5c183c0_0 .net "overflow", 0 0, v0x5c10230_0;  1 drivers
v0x5c18460_0 .net "pc", 7 0, L_0x5c193d0;  1 drivers
v0x5c18520_0 .net "ram_data", 7 0, L_0x5c192d0;  1 drivers
v0x5c185e0_0 .net "ram_we", 0 0, v0x5c110a0_0;  1 drivers
v0x5c178b0_0 .net "rst", 0 0, v0x5c18c90_0;  1 drivers
v0x5c18920_0 .net "sel", 2 0, v0x5c111f0_0;  1 drivers
v0x5c189c0_0 .net "zero", 0 0, v0x5c10420_0;  1 drivers
L_0x5c19050 .part v0x5c14520_0, 4, 4;
L_0x5c190f0 .part v0x5c14520_0, 0, 4;
S_0x5bb56d0 .scope module, "ALU" "alu" 4 86, 5 1 0, S_0x5bac390;
 .timescale 0 0;
    .port_info 0 /INPUT 8 "a";
    .port_info 1 /INPUT 8 "b";
    .port_info 2 /INPUT 3 "sel";
    .port_info 3 /OUTPUT 8 "alu_out";
    .port_info 4 /OUTPUT 1 "carry";
    .port_info 5 /OUTPUT 1 "overflow";
    .port_info 6 /OUTPUT 1 "zero";
v0x5beef30_0 .net "a", 7 0, v0x5c13710_0;  alias, 1 drivers
v0x5c0ffa0_0 .var "alu_out", 7 0;
v0x5c10080_0 .net "b", 7 0, v0x5c13820_0;  alias, 1 drivers
v0x5c10170_0 .var "carry", 0 0;
v0x5c10230_0 .var "overflow", 0 0;
v0x5c10340_0 .net "sel", 2 0, v0x5c111f0_0;  alias, 1 drivers
v0x5c10420_0 .var "zero", 0 0;
E_0x5bb47d0 .event anyedge, v0x5c10340_0, v0x5beef30_0, v0x5c10080_0, v0x5c0ffa0_0;
S_0x5c10600 .scope module, "CU" "control_unit" 4 93, 6 1 0, S_0x5bac390;
 .timescale 0 0;
    .port_info 0 /INPUT 1 "zero";
    .port_info 1 /INPUT 4 "opcode";
    .port_info 2 /INPUT 4 "operand";
    .port_info 3 /INPUT 8 "a";
    .port_info 4 /OUTPUT 8 "data_in";
    .port_info 5 /OUTPUT 3 "sel";
    .port_info 6 /OUTPUT 1 "halt";
    .port_info 7 /OUTPUT 1 "jmp_e";
    .port_info 8 /OUTPUT 1 "ram_we";
    .port_info 9 /OUTPUT 8 "addr";
    .port_info 10 /OUTPUT 8 "load_add";
v0x5c10970_0 .net "a", 7 0, v0x5c13710_0;  alias, 1 drivers
v0x5c10a80_0 .var "addr", 7 0;
v0x5c10b40_0 .var "data_in", 7 0;
v0x5c10c30_0 .var "halt", 0 0;
v0x5c10cf0_0 .var "jmp_e", 0 0;
v0x5c10e00_0 .var "load_add", 7 0;
v0x5c10ee0_0 .net "opcode", 3 0, L_0x5c19050;  alias, 1 drivers
v0x5c10fc0_0 .net "operand", 3 0, L_0x5c190f0;  alias, 1 drivers
v0x5c110a0_0 .var "ram_we", 0 0;
v0x5c111f0_0 .var "sel", 2 0;
v0x5c112b0_0 .net "zero", 0 0, v0x5c10420_0;  alias, 1 drivers
E_0x5be27d0 .event anyedge, v0x5beef30_0, v0x5c10ee0_0, v0x5c10fc0_0, v0x5c10420_0;
S_0x5c11500 .scope module, "DR" "data_ram" 4 111, 7 1 0, S_0x5bac390;
 .timescale 0 0;
    .port_info 0 /INPUT 1 "clk";
    .port_info 1 /INPUT 1 "we";
    .port_info 2 /INPUT 8 "addr";
    .port_info 3 /INPUT 8 "data_in";
    .port_info 4 /OUTPUT 8 "data_out";
L_0x5c192d0 .functor BUFZ 8, L_0x5c19190, C4<00000000>, C4<00000000>, C4<00000000>;
v0x5c117d0_0 .net *"_ivl_0", 7 0, L_0x5c19190;  1 drivers
v0x5c118d0_0 .net *"_ivl_2", 9 0, L_0x5c19230;  1 drivers
L_0x7f11e54cf060 .functor BUFT 1, C4<00>, C4<0>, C4<0>, C4<0>;
v0x5c119b0_0 .net *"_ivl_5", 1 0, L_0x7f11e54cf060;  1 drivers
v0x5c11aa0_0 .net "addr", 7 0, v0x5c12a60_0;  alias, 1 drivers
v0x5c11b80_0 .net "clk", 0 0, v0x5c18b30_0;  alias, 1 drivers
v0x5c11c90_0 .net "data_in", 7 0, v0x5c12c60_0;  alias, 1 drivers
v0x5c11d70_0 .net "data_out", 7 0, L_0x5c192d0;  alias, 1 drivers
v0x5c11e50 .array "memory", 255 0, 7 0;
v0x5c11f10_0 .net "we", 0 0, v0x5c12ed0_0;  alias, 1 drivers
E_0x5c11770 .event posedge, v0x5c11b80_0;
L_0x5c19190 .array/port v0x5c11e50, L_0x5c19230;
L_0x5c19230 .concat [ 8 2 0 0], v0x5c12a60_0, L_0x7f11e54cf060;
S_0x5c12100 .scope module, "EX_MEM" "ex_mem_reg" 4 100, 8 1 0, S_0x5bac390;
 .timescale 0 0;
    .port_info 0 /INPUT 1 "clk";
    .port_info 1 /INPUT 1 "rst";
    .port_info 2 /INPUT 4 "ex_opcode";
    .port_info 3 /INPUT 4 "ex_operand";
    .port_info 4 /INPUT 8 "ex_alu_out";
    .port_info 5 /INPUT 8 "ex_addr";
    .port_info 6 /INPUT 8 "ex_data_in";
    .port_info 7 /INPUT 1 "ex_ram_we";
    .port_info 8 /OUTPUT 4 "mem_opcode";
    .port_info 9 /OUTPUT 4 "mem_operand";
    .port_info 10 /OUTPUT 8 "mem_alu_out";
    .port_info 11 /OUTPUT 8 "mem_addr";
    .port_info 12 /OUTPUT 8 "mem_data_in";
    .port_info 13 /OUTPUT 1 "mem_ram_we";
v0x5c12470_0 .net "clk", 0 0, v0x5c18b30_0;  alias, 1 drivers
v0x5c12530_0 .net "ex_addr", 7 0, v0x5c10a80_0;  alias, 1 drivers
v0x5c12600_0 .net "ex_alu_out", 7 0, v0x5c0ffa0_0;  alias, 1 drivers
v0x5c12700_0 .net "ex_data_in", 7 0, v0x5c10b40_0;  alias, 1 drivers
v0x5c127d0_0 .net "ex_opcode", 3 0, L_0x5c19050;  alias, 1 drivers
v0x5c128c0_0 .net "ex_operand", 3 0, L_0x5c190f0;  alias, 1 drivers
v0x5c12990_0 .net "ex_ram_we", 0 0, v0x5c110a0_0;  alias, 1 drivers
v0x5c12a60_0 .var "mem_addr", 7 0;
v0x5c12b30_0 .var "mem_alu_out", 7 0;
v0x5c12c60_0 .var "mem_data_in", 7 0;
v0x5c12d30_0 .var "mem_opcode", 3 0;
v0x5c12df0_0 .var "mem_operand", 3 0;
v0x5c12ed0_0 .var "mem_ram_we", 0 0;
v0x5c12fa0_0 .net "rst", 0 0, v0x5c18c90_0;  alias, 1 drivers
S_0x5c13280 .scope module, "FU" "forwarding_unit" 4 79, 9 1 0, S_0x5bac390;
 .timescale 0 0;
    .port_info 0 /INPUT 8 "reg_A";
    .port_info 1 /INPUT 8 "reg_B";
    .port_info 2 /INPUT 8 "reg_RES";
    .port_info 3 /INPUT 4 "mem_opcode";
    .port_info 4 /INPUT 4 "mem_operand";
    .port_info 5 /INPUT 8 "mem_alu_out";
    .port_info 6 /INPUT 8 "ram_data";
    .port_info 7 /INPUT 8 "ext_data";
    .port_info 8 /OUTPUT 8 "fwd_A";
    .port_info 9 /OUTPUT 8 "fwd_B";
v0x5c13610_0 .net "ext_data", 7 0, v0x5c18bd0_0;  alias, 1 drivers
v0x5c13710_0 .var "fwd_A", 7 0;
v0x5c13820_0 .var "fwd_B", 7 0;
v0x5c138c0_0 .net "mem_alu_out", 7 0, v0x5c12b30_0;  alias, 1 drivers
v0x5c13990_0 .net "mem_opcode", 3 0, v0x5c12d30_0;  alias, 1 drivers
v0x5c13a80_0 .net "mem_operand", 3 0, v0x5c12df0_0;  alias, 1 drivers
v0x5c13b50_0 .net "ram_data", 7 0, L_0x5c192d0;  alias, 1 drivers
v0x5c13c20_0 .net "reg_A", 7 0, v0x5c15e80_0;  alias, 1 drivers
v0x5c13ce0_0 .net "reg_B", 7 0, v0x5c16000_0;  alias, 1 drivers
v0x5c13e50_0 .net "reg_RES", 7 0, v0x5c16580_0;  alias, 1 drivers
E_0x5c13560/0 .event anyedge, v0x5c13c20_0, v0x5c13ce0_0, v0x5c12d30_0, v0x5c11d70_0;
E_0x5c13560/1 .event anyedge, v0x5c13610_0, v0x5c12df0_0, v0x5c13e50_0, v0x5c12b30_0;
E_0x5c13560 .event/or E_0x5c13560/0, E_0x5c13560/1;
S_0x5c140d0 .scope module, "IF_ID" "if_id_reg" 4 67, 10 1 0, S_0x5bac390;
 .timescale 0 0;
    .port_info 0 /INPUT 1 "clk";
    .port_info 1 /INPUT 1 "rst";
    .port_info 2 /INPUT 1 "flush";
    .port_info 3 /INPUT 8 "if_pc";
    .port_info 4 /INPUT 8 "if_instruction";
    .port_info 5 /OUTPUT 8 "id_pc";
    .port_info 6 /OUTPUT 8 "id_instruction";
v0x5c14350_0 .net "clk", 0 0, v0x5c18b30_0;  alias, 1 drivers
v0x5c14460_0 .net "flush", 0 0, L_0x5c18d30;  alias, 1 drivers
v0x5c14520_0 .var "id_instruction", 7 0;
v0x5c145e0_0 .var "id_pc", 7 0;
v0x5c146c0_0 .net "if_instruction", 7 0, L_0x5c12290;  alias, 1 drivers
v0x5c147f0_0 .net "if_pc", 7 0, v0x5c15840_0;  alias, 1 drivers
v0x5c148d0_0 .net "rst", 0 0, v0x5c18c90_0;  alias, 1 drivers
S_0x5c14a70 .scope module, "IM" "instruction_mem" 4 65, 11 1 0, S_0x5bac390;
 .timescale 0 0;
    .port_info 0 /INPUT 8 "addr";
    .port_info 1 /OUTPUT 8 "instruction";
L_0x5c12290 .functor BUFZ 8, L_0x5c18e10, C4<00000000>, C4<00000000>, C4<00000000>;
v0x5c14c70_0 .net *"_ivl_0", 7 0, L_0x5c18e10;  1 drivers
v0x5c14d70_0 .net *"_ivl_2", 9 0, L_0x5c18ed0;  1 drivers
L_0x7f11e54cf018 .functor BUFT 1, C4<00>, C4<0>, C4<0>, C4<0>;
v0x5c14e50_0 .net *"_ivl_5", 1 0, L_0x7f11e54cf018;  1 drivers
v0x5c14f40_0 .net "addr", 7 0, v0x5c15840_0;  alias, 1 drivers
v0x5c15030_0 .net "instruction", 7 0, L_0x5c12290;  alias, 1 drivers
v0x5c15120 .array "rom", 255 0, 7 0;
L_0x5c18e10 .array/port v0x5c15120, L_0x5c18ed0;
L_0x5c18ed0 .concat [ 8 2 0 0], v0x5c15840_0, L_0x7f11e54cf018;
S_0x5c15220 .scope module, "PC" "pc" 4 64, 12 1 0, S_0x5bac390;
 .timescale 0 0;
    .port_info 0 /INPUT 1 "clk";
    .port_info 1 /INPUT 1 "rst";
    .port_info 2 /INPUT 1 "halt";
    .port_info 3 /INPUT 1 "jmp_e";
    .port_info 4 /INPUT 8 "load_add";
    .port_info 5 /OUTPUT 8 "pc";
v0x5c154e0_0 .net "clk", 0 0, v0x5c18b30_0;  alias, 1 drivers
v0x5c15580_0 .net "halt", 0 0, v0x5c10c30_0;  alias, 1 drivers
v0x5c15670_0 .net "jmp_e", 0 0, v0x5c10cf0_0;  alias, 1 drivers
v0x5c15770_0 .net "load_add", 7 0, v0x5c10e00_0;  alias, 1 drivers
v0x5c15840_0 .var "pc", 7 0;
v0x5c15980_0 .net "rst", 0 0, v0x5c18c90_0;  alias, 1 drivers
S_0x5c15b10 .scope module, "RF" "register_file" 4 116, 13 1 0, S_0x5bac390;
 .timescale 0 0;
    .port_info 0 /INPUT 1 "clk";
    .port_info 1 /INPUT 1 "rst";
    .port_info 2 /INPUT 4 "opcode";
    .port_info 3 /INPUT 4 "operand";
    .port_info 4 /INPUT 8 "alu_out";
    .port_info 5 /INPUT 8 "ram_data";
    .port_info 6 /INPUT 8 "ext_data";
    .port_info 7 /OUTPUT 8 "a";
    .port_info 8 /OUTPUT 8 "b";
    .port_info 9 /OUTPUT 8 "res";
v0x5c15e80_0 .var "a", 7 0;
v0x5c15f60_0 .net "alu_out", 7 0, v0x5c12b30_0;  alias, 1 drivers
v0x5c16000_0 .var "b", 7 0;
v0x5c160a0_0 .net "clk", 0 0, v0x5c18b30_0;  alias, 1 drivers
v0x5c161d0_0 .net "ext_data", 7 0, v0x5c18bd0_0;  alias, 1 drivers
v0x5c16270_0 .net "opcode", 3 0, v0x5c12d30_0;  alias, 1 drivers
v0x5c16360_0 .net "operand", 3 0, v0x5c12df0_0;  alias, 1 drivers
v0x5c16470_0 .net "ram_data", 7 0, L_0x5c192d0;  alias, 1 drivers
v0x5c16580_0 .var "res", 7 0;
v0x5c166d0_0 .net "rst", 0 0, v0x5c18c90_0;  alias, 1 drivers
    .scope S_0x5c15220;
T_0 ;
    %wait E_0x5c11770;
    %load/vec4 v0x5c15580_0;
    %flag_set/vec4 8;
    %jmp/0xz  T_0.0, 8;
    %load/vec4 v0x5c15840_0;
    %assign/vec4 v0x5c15840_0, 0;
    %jmp T_0.1;
T_0.0 ;
    %load/vec4 v0x5c15980_0;
    %flag_set/vec4 8;
    %jmp/0xz  T_0.2, 8;
    %pushi/vec4 0, 0, 8;
    %assign/vec4 v0x5c15840_0, 0;
    %jmp T_0.3;
T_0.2 ;
    %load/vec4 v0x5c15670_0;
    %flag_set/vec4 8;
    %jmp/0xz  T_0.4, 8;
    %load/vec4 v0x5c15770_0;
    %assign/vec4 v0x5c15840_0, 0;
    %jmp T_0.5;
T_0.4 ;
    %load/vec4 v0x5c15840_0;
    %addi 1, 0, 8;
    %assign/vec4 v0x5c15840_0, 0;
T_0.5 ;
T_0.3 ;
T_0.1 ;
    %jmp T_0;
    .thread T_0;
    .scope S_0x5c14a70;
T_1 ;
    %vpi_call/w 11 9 "$readmemb", "program.mem", v0x5c15120 {0 0 0};
    %end;
    .thread T_1;
    .scope S_0x5c140d0;
T_2 ;
    %wait E_0x5c11770;
    %load/vec4 v0x5c148d0_0;
    %flag_set/vec4 8;
    %jmp/1 T_2.2, 8;
    %load/vec4 v0x5c14460_0;
    %flag_set/vec4 9;
    %flag_or 8, 9;
T_2.2;
    %jmp/0xz  T_2.0, 8;
    %pushi/vec4 0, 0, 8;
    %assign/vec4 v0x5c145e0_0, 0;
    %pushi/vec4 0, 0, 8;
    %assign/vec4 v0x5c14520_0, 0;
    %jmp T_2.1;
T_2.0 ;
    %load/vec4 v0x5c147f0_0;
    %assign/vec4 v0x5c145e0_0, 0;
    %load/vec4 v0x5c146c0_0;
    %assign/vec4 v0x5c14520_0, 0;
T_2.1 ;
    %jmp T_2;
    .thread T_2;
    .scope S_0x5c13280;
T_3 ;
    %wait E_0x5c13560;
    %load/vec4 v0x5c13c20_0;
    %store/vec4 v0x5c13710_0, 0, 8;
    %load/vec4 v0x5c13ce0_0;
    %store/vec4 v0x5c13820_0, 0, 8;
    %load/vec4 v0x5c13990_0;
    %cmpi/e 9, 0, 4;
    %jmp/0xz  T_3.0, 4;
    %load/vec4 v0x5c13b50_0;
    %store/vec4 v0x5c13710_0, 0, 8;
    %jmp T_3.1;
T_3.0 ;
    %load/vec4 v0x5c13990_0;
    %cmpi/e 13, 0, 4;
    %jmp/0xz  T_3.2, 4;
    %load/vec4 v0x5c13610_0;
    %store/vec4 v0x5c13710_0, 0, 8;
    %jmp T_3.3;
T_3.2 ;
    %load/vec4 v0x5c13990_0;
    %cmpi/e 0, 0, 4;
    %flag_get/vec4 4;
    %jmp/0 T_3.6, 4;
    %load/vec4 v0x5c13a80_0;
    %parti/s 2, 2, 3;
    %pushi/vec4 0, 0, 2;
    %cmp/e;
    %flag_get/vec4 4;
    %and;
T_3.6;
    %flag_set/vec4 8;
    %jmp/0xz  T_3.4, 8;
    %load/vec4 v0x5c13a80_0;
    %parti/s 2, 0, 2;
    %dup/vec4;
    %pushi/vec4 1, 0, 2;
    %cmp/u;
    %jmp/1 T_3.7, 6;
    %dup/vec4;
    %pushi/vec4 2, 0, 2;
    %cmp/u;
    %jmp/1 T_3.8, 6;
    %dup/vec4;
    %pushi/vec4 3, 0, 2;
    %cmp/u;
    %jmp/1 T_3.9, 6;
    %jmp T_3.10;
T_3.7 ;
    %load/vec4 v0x5c13ce0_0;
    %store/vec4 v0x5c13710_0, 0, 8;
    %jmp T_3.10;
T_3.8 ;
    %load/vec4 v0x5c13e50_0;
    %store/vec4 v0x5c13710_0, 0, 8;
    %jmp T_3.10;
T_3.9 ;
    %load/vec4 v0x5c138c0_0;
    %store/vec4 v0x5c13710_0, 0, 8;
    %jmp T_3.10;
T_3.10 ;
    %pop/vec4 1;
T_3.4 ;
T_3.3 ;
T_3.1 ;
    %load/vec4 v0x5c13990_0;
    %cmpi/e 0, 0, 4;
    %flag_get/vec4 4;
    %jmp/0 T_3.13, 4;
    %load/vec4 v0x5c13a80_0;
    %parti/s 2, 2, 3;
    %pushi/vec4 1, 0, 2;
    %cmp/e;
    %flag_get/vec4 4;
    %and;
T_3.13;
    %flag_set/vec4 8;
    %jmp/0xz  T_3.11, 8;
    %load/vec4 v0x5c13a80_0;
    %parti/s 2, 0, 2;
    %dup/vec4;
    %pushi/vec4 0, 0, 2;
    %cmp/u;
    %jmp/1 T_3.14, 6;
    %dup/vec4;
    %pushi/vec4 2, 0, 2;
    %cmp/u;
    %jmp/1 T_3.15, 6;
    %dup/vec4;
    %pushi/vec4 3, 0, 2;
    %cmp/u;
    %jmp/1 T_3.16, 6;
    %jmp T_3.17;
T_3.14 ;
    %load/vec4 v0x5c13c20_0;
    %store/vec4 v0x5c13820_0, 0, 8;
    %jmp T_3.17;
T_3.15 ;
    %load/vec4 v0x5c13e50_0;
    %store/vec4 v0x5c13820_0, 0, 8;
    %jmp T_3.17;
T_3.16 ;
    %load/vec4 v0x5c138c0_0;
    %store/vec4 v0x5c13820_0, 0, 8;
    %jmp T_3.17;
T_3.17 ;
    %pop/vec4 1;
T_3.11 ;
    %jmp T_3;
    .thread T_3, $push;
    .scope S_0x5bb56d0;
T_4 ;
    %wait E_0x5bb47d0;
    %pushi/vec4 0, 0, 1;
    %store/vec4 v0x5c10170_0, 0, 1;
    %pushi/vec4 0, 0, 1;
    %store/vec4 v0x5c10230_0, 0, 1;
    %pushi/vec4 0, 0, 8;
    %store/vec4 v0x5c0ffa0_0, 0, 8;
    %load/vec4 v0x5c10340_0;
    %dup/vec4;
    %pushi/vec4 0, 0, 3;
    %cmp/u;
    %jmp/1 T_4.0, 6;
    %dup/vec4;
    %pushi/vec4 1, 0, 3;
    %cmp/u;
    %jmp/1 T_4.1, 6;
    %dup/vec4;
    %pushi/vec4 2, 0, 3;
    %cmp/u;
    %jmp/1 T_4.2, 6;
    %dup/vec4;
    %pushi/vec4 3, 0, 3;
    %cmp/u;
    %jmp/1 T_4.3, 6;
    %dup/vec4;
    %pushi/vec4 4, 0, 3;
    %cmp/u;
    %jmp/1 T_4.4, 6;
    %dup/vec4;
    %pushi/vec4 5, 0, 3;
    %cmp/u;
    %jmp/1 T_4.5, 6;
    %dup/vec4;
    %pushi/vec4 6, 0, 3;
    %cmp/u;
    %jmp/1 T_4.6, 6;
    %dup/vec4;
    %pushi/vec4 7, 0, 3;
    %cmp/u;
    %jmp/1 T_4.7, 6;
    %pushi/vec4 0, 0, 8;
    %store/vec4 v0x5c0ffa0_0, 0, 8;
    %jmp T_4.9;
T_4.0 ;
    %load/vec4 v0x5beef30_0;
    %pad/u 9;
    %load/vec4 v0x5c10080_0;
    %pad/u 9;
    %add;
    %split/vec4 8;
    %store/vec4 v0x5c0ffa0_0, 0, 8;
    %store/vec4 v0x5c10170_0, 0, 1;
    %load/vec4 v0x5beef30_0;
    %parti/s 1, 7, 4;
    %load/vec4 v0x5c10080_0;
    %parti/s 1, 7, 4;
    %cmp/e;
    %flag_get/vec4 4;
    %jmp/0 T_4.10, 4;
    %load/vec4 v0x5c0ffa0_0;
    %parti/s 1, 7, 4;
    %load/vec4 v0x5beef30_0;
    %parti/s 1, 7, 4;
    %cmp/ne;
    %flag_get/vec4 4;
    %and;
T_4.10;
    %store/vec4 v0x5c10230_0, 0, 1;
    %jmp T_4.9;
T_4.1 ;
    %load/vec4 v0x5beef30_0;
    %pad/u 9;
    %load/vec4 v0x5c10080_0;
    %pad/u 9;
    %sub;
    %split/vec4 8;
    %store/vec4 v0x5c0ffa0_0, 0, 8;
    %store/vec4 v0x5c10170_0, 0, 1;
    %load/vec4 v0x5beef30_0;
    %parti/s 1, 7, 4;
    %load/vec4 v0x5c10080_0;
    %parti/s 1, 7, 4;
    %cmp/ne;
    %flag_get/vec4 4;
    %jmp/0 T_4.11, 4;
    %load/vec4 v0x5c0ffa0_0;
    %parti/s 1, 7, 4;
    %load/vec4 v0x5beef30_0;
    %parti/s 1, 7, 4;
    %cmp/ne;
    %flag_get/vec4 4;
    %and;
T_4.11;
    %store/vec4 v0x5c10230_0, 0, 1;
    %jmp T_4.9;
T_4.2 ;
    %load/vec4 v0x5beef30_0;
    %load/vec4 v0x5c10080_0;
    %or;
    %store/vec4 v0x5c0ffa0_0, 0, 8;
    %jmp T_4.9;
T_4.3 ;
    %load/vec4 v0x5beef30_0;
    %load/vec4 v0x5c10080_0;
    %and;
    %store/vec4 v0x5c0ffa0_0, 0, 8;
    %jmp T_4.9;
T_4.4 ;
    %load/vec4 v0x5beef30_0;
    %load/vec4 v0x5c10080_0;
    %xor;
    %store/vec4 v0x5c0ffa0_0, 0, 8;
    %jmp T_4.9;
T_4.5 ;
    %load/vec4 v0x5beef30_0;
    %ix/load 4, 1, 0;
    %flag_set/imm 4, 0;
    %shiftl 4;
    %store/vec4 v0x5c0ffa0_0, 0, 8;
    %jmp T_4.9;
T_4.6 ;
    %load/vec4 v0x5beef30_0;
    %ix/load 4, 1, 0;
    %flag_set/imm 4, 0;
    %shiftr 4;
    %store/vec4 v0x5c0ffa0_0, 0, 8;
    %jmp T_4.9;
T_4.7 ;
    %load/vec4 v0x5beef30_0;
    %store/vec4 v0x5c0ffa0_0, 0, 8;
    %jmp T_4.9;
T_4.9 ;
    %pop/vec4 1;
    %load/vec4 v0x5c0ffa0_0;
    %pushi/vec4 0, 0, 8;
    %cmp/e;
    %flag_get/vec4 4;
    %store/vec4 v0x5c10420_0, 0, 1;
    %jmp T_4;
    .thread T_4, $push;
    .scope S_0x5c10600;
T_5 ;
    %wait E_0x5be27d0;
    %pushi/vec4 0, 0, 1;
    %store/vec4 v0x5c10c30_0, 0, 1;
    %pushi/vec4 0, 0, 1;
    %store/vec4 v0x5c10cf0_0, 0, 1;
    %pushi/vec4 0, 0, 1;
    %store/vec4 v0x5c110a0_0, 0, 1;
    %pushi/vec4 7, 0, 3;
    %store/vec4 v0x5c111f0_0, 0, 3;
    %pushi/vec4 0, 0, 8;
    %store/vec4 v0x5c10a80_0, 0, 8;
    %pushi/vec4 0, 0, 8;
    %store/vec4 v0x5c10e00_0, 0, 8;
    %load/vec4 v0x5c10970_0;
    %store/vec4 v0x5c10b40_0, 0, 8;
    %load/vec4 v0x5c10ee0_0;
    %dup/vec4;
    %pushi/vec4 1, 0, 4;
    %cmp/u;
    %jmp/1 T_5.0, 6;
    %dup/vec4;
    %pushi/vec4 2, 0, 4;
    %cmp/u;
    %jmp/1 T_5.1, 6;
    %dup/vec4;
    %pushi/vec4 3, 0, 4;
    %cmp/u;
    %jmp/1 T_5.2, 6;
    %dup/vec4;
    %pushi/vec4 4, 0, 4;
    %cmp/u;
    %jmp/1 T_5.3, 6;
    %dup/vec4;
    %pushi/vec4 5, 0, 4;
    %cmp/u;
    %jmp/1 T_5.4, 6;
    %dup/vec4;
    %pushi/vec4 6, 0, 4;
    %cmp/u;
    %jmp/1 T_5.5, 6;
    %dup/vec4;
    %pushi/vec4 7, 0, 4;
    %cmp/u;
    %jmp/1 T_5.6, 6;
    %dup/vec4;
    %pushi/vec4 8, 0, 4;
    %cmp/u;
    %jmp/1 T_5.7, 6;
    %dup/vec4;
    %pushi/vec4 9, 0, 4;
    %cmp/u;
    %jmp/1 T_5.8, 6;
    %dup/vec4;
    %pushi/vec4 10, 0, 4;
    %cmp/u;
    %jmp/1 T_5.9, 6;
    %dup/vec4;
    %pushi/vec4 11, 0, 4;
    %cmp/u;
    %jmp/1 T_5.10, 6;
    %dup/vec4;
    %pushi/vec4 12, 0, 4;
    %cmp/u;
    %jmp/1 T_5.11, 6;
    %dup/vec4;
    %pushi/vec4 15, 0, 4;
    %cmp/u;
    %jmp/1 T_5.12, 6;
    %jmp T_5.13;
T_5.0 ;
    %pushi/vec4 0, 0, 3;
    %store/vec4 v0x5c111f0_0, 0, 3;
    %jmp T_5.13;
T_5.1 ;
    %pushi/vec4 1, 0, 3;
    %store/vec4 v0x5c111f0_0, 0, 3;
    %jmp T_5.13;
T_5.2 ;
    %pushi/vec4 2, 0, 3;
    %store/vec4 v0x5c111f0_0, 0, 3;
    %jmp T_5.13;
T_5.3 ;
    %pushi/vec4 3, 0, 3;
    %store/vec4 v0x5c111f0_0, 0, 3;
    %jmp T_5.13;
T_5.4 ;
    %pushi/vec4 4, 0, 3;
    %store/vec4 v0x5c111f0_0, 0, 3;
    %jmp T_5.13;
T_5.5 ;
    %pushi/vec4 5, 0, 3;
    %store/vec4 v0x5c111f0_0, 0, 3;
    %jmp T_5.13;
T_5.6 ;
    %pushi/vec4 6, 0, 3;
    %store/vec4 v0x5c111f0_0, 0, 3;
    %jmp T_5.13;
T_5.7 ;
    %pushi/vec4 7, 0, 3;
    %store/vec4 v0x5c111f0_0, 0, 3;
    %jmp T_5.13;
T_5.8 ;
    %pushi/vec4 0, 0, 4;
    %load/vec4 v0x5c10fc0_0;
    %concat/vec4; draw_concat_vec4
    %store/vec4 v0x5c10a80_0, 0, 8;
    %jmp T_5.13;
T_5.9 ;
    %pushi/vec4 0, 0, 4;
    %load/vec4 v0x5c10fc0_0;
    %concat/vec4; draw_concat_vec4
    %store/vec4 v0x5c10a80_0, 0, 8;
    %pushi/vec4 1, 0, 1;
    %store/vec4 v0x5c110a0_0, 0, 1;
    %jmp T_5.13;
T_5.10 ;
    %pushi/vec4 1, 0, 1;
    %store/vec4 v0x5c10cf0_0, 0, 1;
    %pushi/vec4 0, 0, 4;
    %load/vec4 v0x5c10fc0_0;
    %concat/vec4; draw_concat_vec4
    %store/vec4 v0x5c10e00_0, 0, 8;
    %jmp T_5.13;
T_5.11 ;
    %load/vec4 v0x5c112b0_0;
    %flag_set/vec4 8;
    %jmp/0xz  T_5.14, 8;
    %pushi/vec4 1, 0, 1;
    %store/vec4 v0x5c10cf0_0, 0, 1;
    %pushi/vec4 0, 0, 4;
    %load/vec4 v0x5c10fc0_0;
    %concat/vec4; draw_concat_vec4
    %store/vec4 v0x5c10e00_0, 0, 8;
T_5.14 ;
    %jmp T_5.13;
T_5.12 ;
    %pushi/vec4 1, 0, 1;
    %store/vec4 v0x5c10c30_0, 0, 1;
    %jmp T_5.13;
T_5.13 ;
    %pop/vec4 1;
    %jmp T_5;
    .thread T_5, $push;
    .scope S_0x5c12100;
T_6 ;
    %wait E_0x5c11770;
    %load/vec4 v0x5c12fa0_0;
    %flag_set/vec4 8;
    %jmp/0xz  T_6.0, 8;
    %pushi/vec4 0, 0, 4;
    %assign/vec4 v0x5c12d30_0, 0;
    %pushi/vec4 0, 0, 4;
    %assign/vec4 v0x5c12df0_0, 0;
    %pushi/vec4 0, 0, 8;
    %assign/vec4 v0x5c12b30_0, 0;
    %pushi/vec4 0, 0, 8;
    %assign/vec4 v0x5c12a60_0, 0;
    %pushi/vec4 0, 0, 8;
    %assign/vec4 v0x5c12c60_0, 0;
    %pushi/vec4 0, 0, 1;
    %assign/vec4 v0x5c12ed0_0, 0;
    %jmp T_6.1;
T_6.0 ;
    %load/vec4 v0x5c127d0_0;
    %assign/vec4 v0x5c12d30_0, 0;
    %load/vec4 v0x5c128c0_0;
    %assign/vec4 v0x5c12df0_0, 0;
    %load/vec4 v0x5c12600_0;
    %assign/vec4 v0x5c12b30_0, 0;
    %load/vec4 v0x5c12530_0;
    %assign/vec4 v0x5c12a60_0, 0;
    %load/vec4 v0x5c12700_0;
    %assign/vec4 v0x5c12c60_0, 0;
    %load/vec4 v0x5c12990_0;
    %assign/vec4 v0x5c12ed0_0, 0;
T_6.1 ;
    %jmp T_6;
    .thread T_6;
    .scope S_0x5c11500;
T_7 ;
    %wait E_0x5c11770;
    %load/vec4 v0x5c11f10_0;
    %flag_set/vec4 8;
    %jmp/0xz  T_7.0, 8;
    %load/vec4 v0x5c11c90_0;
    %load/vec4 v0x5c11aa0_0;
    %pad/u 10;
    %ix/vec4 3;
    %ix/load 4, 0, 0; Constant delay
    %assign/vec4/a/d v0x5c11e50, 0, 4;
T_7.0 ;
    %jmp T_7;
    .thread T_7;
    .scope S_0x5c15b10;
T_8 ;
    %wait E_0x5c11770;
    %load/vec4 v0x5c166d0_0;
    %flag_set/vec4 8;
    %jmp/0xz  T_8.0, 8;
    %pushi/vec4 0, 0, 8;
    %assign/vec4 v0x5c15e80_0, 0;
    %pushi/vec4 0, 0, 8;
    %assign/vec4 v0x5c16000_0, 0;
    %pushi/vec4 0, 0, 8;
    %assign/vec4 v0x5c16580_0, 0;
    %jmp T_8.1;
T_8.0 ;
    %load/vec4 v0x5c16270_0;
    %dup/vec4;
    %pushi/vec4 0, 0, 4;
    %cmp/u;
    %jmp/1 T_8.2, 6;
    %dup/vec4;
    %pushi/vec4 9, 0, 4;
    %cmp/u;
    %jmp/1 T_8.3, 6;
    %dup/vec4;
    %pushi/vec4 13, 0, 4;
    %cmp/u;
    %jmp/1 T_8.4, 6;
    %jmp T_8.5;
T_8.2 ;
    %load/vec4 v0x5c16360_0;
    %parti/s 2, 2, 3;
    %dup/vec4;
    %pushi/vec4 0, 0, 2;
    %cmp/u;
    %jmp/1 T_8.6, 6;
    %dup/vec4;
    %pushi/vec4 1, 0, 2;
    %cmp/u;
    %jmp/1 T_8.7, 6;
    %dup/vec4;
    %pushi/vec4 2, 0, 2;
    %cmp/u;
    %jmp/1 T_8.8, 6;
    %jmp T_8.9;
T_8.6 ;
    %load/vec4 v0x5c16360_0;
    %parti/s 2, 0, 2;
    %dup/vec4;
    %pushi/vec4 1, 0, 2;
    %cmp/u;
    %jmp/1 T_8.10, 6;
    %dup/vec4;
    %pushi/vec4 2, 0, 2;
    %cmp/u;
    %jmp/1 T_8.11, 6;
    %dup/vec4;
    %pushi/vec4 3, 0, 2;
    %cmp/u;
    %jmp/1 T_8.12, 6;
    %jmp T_8.13;
T_8.10 ;
    %load/vec4 v0x5c16000_0;
    %assign/vec4 v0x5c15e80_0, 0;
    %jmp T_8.13;
T_8.11 ;
    %load/vec4 v0x5c16580_0;
    %assign/vec4 v0x5c15e80_0, 0;
    %jmp T_8.13;
T_8.12 ;
    %load/vec4 v0x5c15f60_0;
    %assign/vec4 v0x5c15e80_0, 0;
    %jmp T_8.13;
T_8.13 ;
    %pop/vec4 1;
    %jmp T_8.9;
T_8.7 ;
    %load/vec4 v0x5c16360_0;
    %parti/s 2, 0, 2;
    %dup/vec4;
    %pushi/vec4 0, 0, 2;
    %cmp/u;
    %jmp/1 T_8.14, 6;
    %dup/vec4;
    %pushi/vec4 2, 0, 2;
    %cmp/u;
    %jmp/1 T_8.15, 6;
    %dup/vec4;
    %pushi/vec4 3, 0, 2;
    %cmp/u;
    %jmp/1 T_8.16, 6;
    %jmp T_8.17;
T_8.14 ;
    %load/vec4 v0x5c15e80_0;
    %assign/vec4 v0x5c16000_0, 0;
    %jmp T_8.17;
T_8.15 ;
    %load/vec4 v0x5c16580_0;
    %assign/vec4 v0x5c16000_0, 0;
    %jmp T_8.17;
T_8.16 ;
    %load/vec4 v0x5c15f60_0;
    %assign/vec4 v0x5c16000_0, 0;
    %jmp T_8.17;
T_8.17 ;
    %pop/vec4 1;
    %jmp T_8.9;
T_8.8 ;
    %load/vec4 v0x5c16360_0;
    %parti/s 2, 0, 2;
    %dup/vec4;
    %pushi/vec4 0, 0, 2;
    %cmp/u;
    %jmp/1 T_8.18, 6;
    %dup/vec4;
    %pushi/vec4 1, 0, 2;
    %cmp/u;
    %jmp/1 T_8.19, 6;
    %dup/vec4;
    %pushi/vec4 3, 0, 2;
    %cmp/u;
    %jmp/1 T_8.20, 6;
    %jmp T_8.21;
T_8.18 ;
    %load/vec4 v0x5c15e80_0;
    %assign/vec4 v0x5c16580_0, 0;
    %jmp T_8.21;
T_8.19 ;
    %load/vec4 v0x5c16000_0;
    %assign/vec4 v0x5c16580_0, 0;
    %jmp T_8.21;
T_8.20 ;
    %load/vec4 v0x5c15f60_0;
    %assign/vec4 v0x5c16580_0, 0;
    %jmp T_8.21;
T_8.21 ;
    %pop/vec4 1;
    %jmp T_8.9;
T_8.9 ;
    %pop/vec4 1;
    %jmp T_8.5;
T_8.3 ;
    %load/vec4 v0x5c16470_0;
    %assign/vec4 v0x5c15e80_0, 0;
    %jmp T_8.5;
T_8.4 ;
    %load/vec4 v0x5c161d0_0;
    %assign/vec4 v0x5c15e80_0, 0;
    %jmp T_8.5;
T_8.5 ;
    %pop/vec4 1;
T_8.1 ;
    %jmp T_8;
    .thread T_8;
    .scope S_0x5bf30e0;
T_9 ;
    %delay 5, 0;
    %load/vec4 v0x5c18b30_0;
    %inv;
    %store/vec4 v0x5c18b30_0, 0, 1;
    %jmp T_9;
    .thread T_9;
    .scope S_0x5bf30e0;
T_10 ;
    %vpi_call/w 3 18 "$dumpfile", "dump.vcd" {0 0 0};
    %vpi_call/w 3 19 "$dumpvars", 32'sb00000000000000000000000000000000, S_0x5bf30e0 {0 0 0};
    %vpi_call/w 3 22 "$monitor", "Time=%0t | PC=%b | Inst=%b | Op=%b | A=%d | B=%d | ALU=%d |OV=%d |C=%d | Halt=%b", $time, v0x5c18460_0, v0x5c17ab0_0, v0x5c182e0_0, v0x5c168f0_0, v0x5c169d0_0, v0x5c16ce0_0, v0x5c183c0_0, v0x5c16e40_0, v0x5c17410_0 {0 0 0};
    %pushi/vec4 99, 0, 8;
    %store/vec4 v0x5c18bd0_0, 0, 8;
    %pushi/vec4 0, 0, 1;
    %store/vec4 v0x5c18b30_0, 0, 1;
    %pushi/vec4 1, 0, 1;
    %store/vec4 v0x5c18c90_0, 0, 1;
    %delay 10, 0;
    %pushi/vec4 0, 0, 1;
    %store/vec4 v0x5c18c90_0, 0, 1;
    %pushi/vec4 10, 0, 8;
    %ix/load 4, 0, 0;
    %flag_set/imm 4, 0;
    %store/vec4a v0x5c11e50, 4, 0;
    %pushi/vec4 20, 0, 8;
    %ix/load 4, 1, 0;
    %flag_set/imm 4, 0;
    %store/vec4a v0x5c11e50, 4, 0;
    %pushi/vec4 0, 0, 8;
    %ix/load 4, 2, 0;
    %flag_set/imm 4, 0;
    %store/vec4a v0x5c11e50, 4, 0;
    %pushi/vec4 1, 0, 8;
    %ix/load 4, 3, 0;
    %flag_set/imm 4, 0;
    %store/vec4a v0x5c11e50, 4, 0;
    %delay 1545, 0;
    %vpi_call/w 3 37 "$display", &A<v0x5c11e50, 2> {0 0 0};
    %delay 2000, 0;
    %vpi_call/w 3 39 "$finish" {0 0 0};
    %end;
    .thread T_10;
    .scope S_0x5bf30e0;
T_11 ;
    %wait E_0x5c11770;
    %load/vec4 v0x5c17410_0;
    %cmpi/e 1, 0, 1;
    %jmp/0xz  T_11.0, 4;
    %vpi_call/w 3 44 "$display", "CPU Halted at Time=%0t", $time {0 0 0};
    %delay 10, 0;
    %vpi_call/w 3 45 "$finish" {0 0 0};
T_11.0 ;
    %jmp T_11;
    .thread T_11;
# The file index is used to find the file name in the following table.
:file_names 14;
    "N/A";
    "<interactive>";
    "-";
    "testbench.sv";
    "design.sv";
    "./alu.v";
    "./control_unit.v";
    "./data_ram.v";
    "./ex_mem_reg.v";
    "./forwarding_unit.v";
    "./if_id_reg.v";
    "./instruction_mem.v";
    "./pc.v";
    "./register_file.v";
